Archive member included to satisfy reference by file (symbol)

/usr/lib/gcc/arm-none-eabi/12.2.0/thumb/v6-m/nofp/libgcc.a(_udivsi3.o)
                              .build/obj_keychron_k6_rgb_ansi_via/quantum/quantum.o (__aeabi_uidiv)
/usr/lib/gcc/arm-none-eabi/12.2.0/thumb/v6-m/nofp/libgcc.a(_divsi3.o)
                              .build/obj_keychron_k6_rgb_ansi_via/quantum/quantum.o (__aeabi_idiv)
/usr/lib/gcc/arm-none-eabi/12.2.0/thumb/v6-m/nofp/libgcc.a(_dvmd_tls.o)
                              /usr/lib/gcc/arm-none-eabi/12.2.0/thumb/v6-m/nofp/libgcc.a(_udivsi3.o) (__aeabi_idiv0)
/usr/lib/gcc/arm-none-eabi/12.2.0/thumb/v6-m/nofp/libgcc.a(_aeabi_ldivmod.o)
                              .build/obj_keychron_k6_rgb_ansi_via/platforms/chibios/timer.o (__aeabi_ldivmod)
/usr/lib/gcc/arm-none-eabi/12.2.0/thumb/v6-m/nofp/libgcc.a(_aeabi_uldivmod.o)
                              .build/obj_keychron_k6_rgb_ansi_via/platforms/chibios/timer.o (__aeabi_uldivmod)
/usr/lib/gcc/arm-none-eabi/12.2.0/thumb/v6-m/nofp/libgcc.a(_muldi3.o)
                              .build/obj_keychron_k6_rgb_ansi_via/platforms/chibios/timer.o (__aeabi_lmul)
/usr/lib/gcc/arm-none-eabi/12.2.0/thumb/v6-m/nofp/libgcc.a(_fixunssfsi.o)
                              .build/obj_keychron_k6_rgb_ansi_via/protocol/host.o (__aeabi_f2uiz)
/usr/lib/gcc/arm-none-eabi/12.2.0/thumb/v6-m/nofp/libgcc.a(_udivmoddi4.o)
                              /usr/lib/gcc/arm-none-eabi/12.2.0/thumb/v6-m/nofp/libgcc.a(_aeabi_uldivmod.o) (__udivmoddi4)
/usr/lib/gcc/arm-none-eabi/12.2.0/thumb/v6-m/nofp/libgcc.a(bpabi.o)
                              /usr/lib/gcc/arm-none-eabi/12.2.0/thumb/v6-m/nofp/libgcc.a(_aeabi_ldivmod.o) (__gnu_ldivmod_helper)
/usr/lib/gcc/arm-none-eabi/12.2.0/thumb/v6-m/nofp/libgcc.a(mulsf3.o)
                              .build/obj_keychron_k6_rgb_ansi_via/protocol/host.o (__aeabi_fmul)
/usr/lib/gcc/arm-none-eabi/12.2.0/thumb/v6-m/nofp/libgcc.a(subsf3.o)
                              /usr/lib/gcc/arm-none-eabi/12.2.0/thumb/v6-m/nofp/libgcc.a(_fixunssfsi.o) (__aeabi_fsub)
/usr/lib/gcc/arm-none-eabi/12.2.0/thumb/v6-m/nofp/libgcc.a(fixsfsi.o)
                              /usr/lib/gcc/arm-none-eabi/12.2.0/thumb/v6-m/nofp/libgcc.a(_fixunssfsi.o) (__aeabi_f2iz)
/usr/lib/gcc/arm-none-eabi/12.2.0/thumb/v6-m/nofp/libgcc.a(_arm_cmpsf2.o)
                              /usr/lib/gcc/arm-none-eabi/12.2.0/thumb/v6-m/nofp/libgcc.a(_fixunssfsi.o) (__aeabi_fcmpge)
/usr/lib/gcc/arm-none-eabi/12.2.0/thumb/v6-m/nofp/libgcc.a(_clzsi2.o)
                              /usr/lib/gcc/arm-none-eabi/12.2.0/thumb/v6-m/nofp/libgcc.a(mulsf3.o) (__clzsi2)
/usr/lib/gcc/arm-none-eabi/12.2.0/thumb/v6-m/nofp/libgcc.a(_clzdi2.o)
                              /usr/lib/gcc/arm-none-eabi/12.2.0/thumb/v6-m/nofp/libgcc.a(_udivmoddi4.o) (__clzdi2)
/usr/lib/gcc/arm-none-eabi/12.2.0/thumb/v6-m/nofp/libgcc.a(_divdi3.o)
                              /usr/lib/gcc/arm-none-eabi/12.2.0/thumb/v6-m/nofp/libgcc.a(bpabi.o) (__divdi3)
/usr/lib/gcc/arm-none-eabi/12.2.0/thumb/v6-m/nofp/libgcc.a(eqsf2.o)
                              /usr/lib/gcc/arm-none-eabi/12.2.0/thumb/v6-m/nofp/libgcc.a(_arm_cmpsf2.o) (__eqsf2)
/usr/lib/gcc/arm-none-eabi/12.2.0/thumb/v6-m/nofp/libgcc.a(gesf2.o)
                              /usr/lib/gcc/arm-none-eabi/12.2.0/thumb/v6-m/nofp/libgcc.a(_arm_cmpsf2.o) (__gesf2)
/usr/lib/gcc/arm-none-eabi/12.2.0/thumb/v6-m/nofp/libgcc.a(lesf2.o)
                              /usr/lib/gcc/arm-none-eabi/12.2.0/thumb/v6-m/nofp/libgcc.a(_arm_cmpsf2.o) (__lesf2)
/usr/lib/gcc/arm-none-eabi/12.2.0/../../../../arm-none-eabi/lib/thumb/v6-m/nofp/libg_nano.a(lib_a-abort.o)
                              .build/obj_keychron_k6_rgb_ansi/lib/chibios/os/various/syscalls.o (abort)
/usr/lib/gcc/arm-none-eabi/12.2.0/../../../../arm-none-eabi/lib/thumb/v6-m/nofp/libg_nano.a(lib_a-ctype_.o)
                              .build/obj_keychron_k6_rgb_ansi_via/quantum/send_string.o (_ctype_)
/usr/lib/gcc/arm-none-eabi/12.2.0/../../../../arm-none-eabi/lib/thumb/v6-m/nofp/libg_nano.a(lib_a-errno.o)
                              .build/obj_keychron_k6_rgb_ansi/platforms/chibios/syscall-fallbacks.o (__errno)
/usr/lib/gcc/arm-none-eabi/12.2.0/../../../../arm-none-eabi/lib/thumb/v6-m/nofp/libg_nano.a(lib_a-impure.o)
                              /usr/lib/gcc/arm-none-eabi/12.2.0/../../../../arm-none-eabi/lib/thumb/v6-m/nofp/libg_nano.a(lib_a-errno.o) (_impure_ptr)
/usr/lib/gcc/arm-none-eabi/12.2.0/../../../../arm-none-eabi/lib/thumb/v6-m/nofp/libg_nano.a(lib_a-memcmp.o)
                              .build/obj_keychron_k6_rgb_ansi_via/eeprom_driver.o (memcmp)
/usr/lib/gcc/arm-none-eabi/12.2.0/../../../../arm-none-eabi/lib/thumb/v6-m/nofp/libg_nano.a(lib_a-memcpy-stub.o)
                              .build/obj_keychron_k6_rgb_ansi_via/quantum/quantum.o (memcpy)
/usr/lib/gcc/arm-none-eabi/12.2.0/../../../../arm-none-eabi/lib/thumb/v6-m/nofp/libg_nano.a(lib_a-memset.o)
[...]
Memory Configuration

Name             Origin             Length             Attributes
flash0           0x00000000         0x00010000         xr
flash1           0x00000000         0x00000000         xr
flash2           0x00000000         0x00000000         xr
flash3           0x00000000         0x00000000         xr
flash4           0x00000000         0x00000000         xr
flash5           0x00000000         0x00000000         xr
flash6           0x00000000         0x00000000         xr
flash7           0x00000000         0x00000000         xr
ram0             0x20000000         0x00002000         xw
ram1             0x00000000         0x00000000         xw
ram2             0x00000000         0x00000000         xw
ram3             0x00000000         0x00000000         xw
ram4             0x00000000         0x00000000         xw
ram5             0x00000000         0x00000000         xw
ram6             0x00000000         0x00000000         xw
ram7             0x00000000         0x00000000         xw
*default*        0x00000000         0xffffffff

Linker script and memory map

LOAD .build/obj_keychron_k6_rgb_ansi_via/../../../drivers/led/sn32/matrix_sn32f24xx.o
LOAD .build/obj_keychron_k6_rgb_ansi_via/keyboards/keychron/k6/k6.o
LOAD .build/obj_keychron_k6_rgb_ansi_via/keyboards/keychron/k6/rgb/ansi/ansi.o
LOAD .build/obj_keychron_k6_rgb_ansi_via/keyboards/keychron/k6/keymaps/via/keymap.o
LOAD .build/obj_keychron_k6_rgb_ansi_via/quantum/quantum.o
LOAD .build/obj_keychron_k6_rgb_ansi_via/quantum/send_string.o
LOAD .build/obj_keychron_k6_rgb_ansi_via/quantum/bitwise.o
LOAD .build/obj_keychron_k6_rgb_ansi_via/quantum/led.o
LOAD .build/obj_keychron_k6_rgb_ansi_via/quantum/action.o
LOAD .build/obj_keychron_k6_rgb_ansi_via/quantum/action_layer.o
LOAD .build/obj_keychron_k6_rgb_ansi_via/quantum/action_macro.o
LOAD .build/obj_keychron_k6_rgb_ansi_via/quantum/action_tapping.o
LOAD .build/obj_keychron_k6_rgb_ansi_via/quantum/action_util.o
LOAD .build/obj_keychron_k6_rgb_ansi_via/quantum/eeconfig.o
LOAD .build/obj_keychron_k6_rgb_ansi_via/quantum/keyboard.o
LOAD .build/obj_keychron_k6_rgb_ansi_via/quantum/keymap_common.o
LOAD .build/obj_keychron_k6_rgb_ansi_via/quantum/keycode_config.o
LOAD .build/obj_keychron_k6_rgb_ansi_via/quantum/sync_timer.o
LOAD .build/obj_keychron_k6_rgb_ansi_via/quantum/logging/debug.o
LOAD .build/obj_keychron_k6_rgb_ansi_via/quantum/logging/sendchar.o
LOAD .build/obj_keychron_k6_rgb_ansi_via/quantum/logging/print.o
LOAD .build/obj_keychron_k6_rgb_ansi_via/quantum/bootmagic/bootmagic_lite.o
LOAD .build/obj_keychron_k6_rgb_ansi_via/quantum/bootmagic/magic.o
LOAD .build/obj_keychron_k6_rgb_ansi_via/quantum/debounce/sym_defer_g.o
LOAD .build/obj_keychron_k6_rgb_ansi_via/quantum/main.o
LOAD .build/obj_keychron_k6_rgb_ansi_via/lib/printf/printf.o
LOAD .build/obj_keychron_k6_rgb_ansi_via/eeprom_driver.o
LOAD .build/obj_keychron_k6_rgb_ansi_via/platforms/chibios/eeprom_sn32.o
LOAD .build/obj_keychron_k6_rgb_ansi_via/quantum/color.o
LOAD .build/obj_keychron_k6_rgb_ansi_via/quantum/rgb_matrix/rgb_matrix.o
LOAD .build/obj_keychron_k6_rgb_ansi_via/quantum/rgb_matrix/rgb_matrix_drivers.o
LOAD .build/obj_keychron_k6_rgb_ansi_via/lib/lib8tion/lib8tion.o
LOAD .build/obj_keychron_k6_rgb_ansi_via/rgb_matrix_sn32f24xb.o
LOAD .build/obj_keychron_k6_rgb_ansi_via/quantum/process_keycode/process_rgb.o
LOAD .build/obj_keychron_k6_rgb_ansi_via/quantum/led_tables.o
LOAD .build/obj_keychron_k6_rgb_ansi_via/quantum/via.o
LOAD .build/obj_keychron_k6_rgb_ansi_via/quantum/process_keycode/process_magic.o
LOAD .build/obj_keychron_k6_rgb_ansi_via/quantum/dip_switch.o
LOAD .build/obj_keychron_k6_rgb_ansi_via/quantum/dynamic_keymap.o
LOAD .build/obj_keychron_k6_rgb_ansi_via/quantum/process_keycode/process_grave_esc.o
LOAD .build/obj_keychron_k6_rgb_ansi_via/quantum/process_keycode/process_space_cadet.o
LOAD .build/obj_keychron_k6_rgb_ansi_via/./lib/chibios/os/common/startup/ARMCMx/compilers/GCC/crt0_v6m.o
LOAD .build/obj_keychron_k6_rgb_ansi_via/./lib/chibios/os/common/startup/ARMCMx/compilers/GCC/vectors.o
LOAD .build/obj_keychron_k6_rgb_ansi_via/./lib/chibios/os/common/ports/ARMCMx/compilers/GCC/chcoreasm_v6m.o
LOAD .build/obj_keychron_k6_rgb_ansi_via/protocol/host.o
LOAD .build/obj_keychron_k6_rgb_ansi_via/protocol/report.o
LOAD .build/obj_keychron_k6_rgb_ansi_via/protocol/usb_device_state.o
LOAD .build/obj_keychron_k6_rgb_ansi_via/protocol/usb_util.o
LOAD .build/obj_keychron_k6_rgb_ansi_via/platforms/chibios/platform.o
LOAD .build/obj_keychron_k6_rgb_ansi_via/platforms/chibios/suspend.o
LOAD .build/obj_keychron_k6_rgb_ansi_via/platforms/chibios/timer.o
LOAD .build/obj_keychron_k6_rgb_ansi_via/platforms/chibios/bootloader.o
LOAD .build/obj_keychron_k6_rgb_ansi_via/protocol/chibios/usb_main.o
LOAD .build/obj_keychron_k6_rgb_ansi_via/protocol/chibios/chibios.o
LOAD .build/obj_keychron_k6_rgb_ansi_via/usb_descriptor.o
LOAD .build/obj_keychron_k6_rgb_ansi_via/protocol/chibios/usb_driver.o
LOAD .build/obj_keychron_k6_rgb_ansi_via/protocol/chibios/usb_util.o
LOAD .build/obj_keychron_k6_rgb_ansi_via/./lib/chibios/os/oslib/src/chmboxes.o
LOAD .build/obj_keychron_k6_rgb_ansi_via/./lib/chibios/os/oslib/src/chmemcore.o
LOAD .build/obj_keychron_k6_rgb_ansi_via/./lib/chibios/os/oslib/src/chmemheaps.o
LOAD .build/obj_keychron_k6_rgb_ansi_via/./lib/chibios/os/oslib/src/chmempools.o
LOAD .build/obj_keychron_k6_rgb_ansi_via/./lib/chibios/os/oslib/src/chpipes.o
LOAD .build/obj_keychron_k6_rgb_ansi_via/./lib/chibios/os/oslib/src/chobjcaches.o
LOAD .build/obj_keychron_k6_rgb_ansi_via/./lib/chibios/os/oslib/src/chdelegates.o
LOAD .build/obj_keychron_k6_rgb_ansi_via/./lib/chibios/os/oslib/src/chfactory.o
LOAD .build/obj_keychron_k6_rgb_ansi/lib/chibios/os/common/startup/ARMCMx/compilers/GCC/crt1.o
LOAD .build/obj_keychron_k6_rgb_ansi/lib/chibios-contrib/os/common/ext/SONiX/SN32F2xx/system_SN32F240B.o
LOAD .build/obj_keychron_k6_rgb_ansi/lib/chibios/os/rt/src/chsys.o
LOAD .build/obj_keychron_k6_rgb_ansi/lib/chibios/os/rt/src/chdebug.o
LOAD .build/obj_keychron_k6_rgb_ansi/lib/chibios/os/rt/src/chtrace.o
LOAD .build/obj_keychron_k6_rgb_ansi/lib/chibios/os/rt/src/chvt.o
LOAD .build/obj_keychron_k6_rgb_ansi/lib/chibios/os/rt/src/chschd.o
LOAD .build/obj_keychron_k6_rgb_ansi/lib/chibios/os/rt/src/chthreads.o
LOAD .build/obj_keychron_k6_rgb_ansi/lib/chibios/os/rt/src/chtm.o
LOAD .build/obj_keychron_k6_rgb_ansi/lib/chibios/os/rt/src/chstats.o
LOAD .build/obj_keychron_k6_rgb_ansi/lib/chibios/os/rt/src/chregistry.o
LOAD .build/obj_keychron_k6_rgb_ansi/lib/chibios/os/rt/src/chsem.o
LOAD .build/obj_keychron_k6_rgb_ansi/lib/chibios/os/rt/src/chmtx.o
LOAD .build/obj_keychron_k6_rgb_ansi/lib/chibios/os/rt/src/chcond.o
LOAD .build/obj_keychron_k6_rgb_ansi/lib/chibios/os/rt/src/chevents.o
LOAD .build/obj_keychron_k6_rgb_ansi/lib/chibios/os/rt/src/chmsg.o
LOAD .build/obj_keychron_k6_rgb_ansi/lib/chibios/os/rt/src/chdynamic.o
LOAD .build/obj_keychron_k6_rgb_ansi/lib/chibios/os/common/ports/ARMCMx/chcore.o
LOAD .build/obj_keychron_k6_rgb_ansi/lib/chibios/os/common/ports/ARMCMx/chcore_v6m.o
LOAD .build/obj_keychron_k6_rgb_ansi/lib/chibios/os/hal/osal/rt-nil/osal.o
LOAD .build/obj_keychron_k6_rgb_ansi/lib/chibios/os/hal/src/hal.o
LOAD .build/obj_keychron_k6_rgb_ansi/lib/chibios/os/hal/src/hal_st.o
LOAD .build/obj_keychron_k6_rgb_ansi/lib/chibios/os/hal/src/hal_buffers.o
LOAD .build/obj_keychron_k6_rgb_ansi/lib/chibios/os/hal/src/hal_queues.o
LOAD .build/obj_keychron_k6_rgb_ansi/lib/chibios/os/hal/src/hal_flash.o
LOAD .build/obj_keychron_k6_rgb_ansi/lib/chibios/os/hal/src/hal_mmcsd.o
LOAD .build/obj_keychron_k6_rgb_ansi/lib/chibios/os/hal/src/hal_adc.o
LOAD .build/obj_keychron_k6_rgb_ansi/lib/chibios/os/hal/src/hal_can.o
LOAD .build/obj_keychron_k6_rgb_ansi/lib/chibios/os/hal/src/hal_crypto.o
LOAD .build/obj_keychron_k6_rgb_ansi/lib/chibios/os/hal/src/hal_dac.o
LOAD .build/obj_keychron_k6_rgb_ansi/lib/chibios/os/hal/src/hal_efl.o
LOAD .build/obj_keychron_k6_rgb_ansi/lib/chibios/os/hal/src/hal_gpt.o
LOAD .build/obj_keychron_k6_rgb_ansi/lib/chibios/os/hal/src/hal_i2c.o
LOAD .build/obj_keychron_k6_rgb_ansi/lib/chibios/os/hal/src/hal_i2s.o
LOAD .build/obj_keychron_k6_rgb_ansi/lib/chibios/os/hal/src/hal_icu.o
LOAD .build/obj_keychron_k6_rgb_ansi/lib/chibios/os/hal/src/hal_mac.o
LOAD .build/obj_keychron_k6_rgb_ansi/lib/chibios/os/hal/src/hal_mmc_spi.o
LOAD .build/obj_keychron_k6_rgb_ansi/lib/chibios/os/hal/src/hal_pal.o
LOAD .build/obj_keychron_k6_rgb_ansi/lib/chibios/os/hal/src/hal_pwm.o
LOAD .build/obj_keychron_k6_rgb_ansi/lib/chibios/os/hal/src/hal_rtc.o
LOAD .build/obj_keychron_k6_rgb_ansi/lib/chibios/os/hal/src/hal_sdc.o
LOAD .build/obj_keychron_k6_rgb_ansi/lib/chibios/os/hal/src/hal_serial.o
LOAD .build/obj_keychron_k6_rgb_ansi/lib/chibios/os/hal/src/hal_serial_usb.o
LOAD .build/obj_keychron_k6_rgb_ansi/lib/chibios/os/hal/src/hal_sio.o
LOAD .build/obj_keychron_k6_rgb_ansi/lib/chibios/os/hal/src/hal_spi.o
LOAD .build/obj_keychron_k6_rgb_ansi/lib/chibios/os/hal/src/hal_trng.o
LOAD .build/obj_keychron_k6_rgb_ansi/lib/chibios/os/hal/src/hal_uart.o
LOAD .build/obj_keychron_k6_rgb_ansi/lib/chibios/os/hal/src/hal_usb.o
LOAD .build/obj_keychron_k6_rgb_ansi/lib/chibios/os/hal/src/hal_wdg.o
LOAD .build/obj_keychron_k6_rgb_ansi/lib/chibios/os/hal/src/hal_wspi.o
LOAD .build/obj_keychron_k6_rgb_ansi/lib/chibios-contrib/os/hal/ports/SN32/LLD/SN32F2xx/GPIO/hal_pal_lld.o
LOAD .build/obj_keychron_k6_rgb_ansi/lib/chibios-contrib/os/hal/ports/SN32/LLD/SN32F2xx/USB/hal_usb_lld.o
LOAD .build/obj_keychron_k6_rgb_ansi/lib/chibios-contrib/os/hal/ports/SN32/LLD/SN32F2xx/CT/CT16B0.o
LOAD .build/obj_keychron_k6_rgb_ansi/lib/chibios-contrib/os/hal/ports/SN32/LLD/SN32F2xx/CT/CT16B1.o
LOAD .build/obj_keychron_k6_rgb_ansi/lib/chibios-contrib/os/hal/ports/SN32/LLD/SN32F2xx/CT/hal_gpt_lld.o
LOAD .build/obj_keychron_k6_rgb_ansi/lib/chibios-contrib/os/hal/ports/SN32/LLD/SN32F2xx/CT/hal_pwm_lld.o
LOAD .build/obj_keychron_k6_rgb_ansi/lib/chibios-contrib/os/hal/ports/SN32/LLD/SN32F2xx/FLASH/Flash.o
LOAD .build/obj_keychron_k6_rgb_ansi/lib/chibios-contrib/os/hal/ports/SN32/LLD/SN32F2xx/SysTick/hal_st_lld.o
LOAD .build/obj_keychron_k6_rgb_ansi/lib/chibios-contrib/os/hal/ports/SN32/LLD/SN32F2xx/SPI/SPI0.o
LOAD .build/obj_keychron_k6_rgb_ansi/lib/chibios-contrib/os/hal/ports/SN32/LLD/SN32F2xx/WDT/hal_wdg_lld.o
LOAD .build/obj_keychron_k6_rgb_ansi/lib/chibios-contrib/os/hal/boards/SN_SN32F240B/board.o
LOAD .build/obj_keychron_k6_rgb_ansi/lib/chibios/os/hal/lib/streams/chprintf.o
LOAD .build/obj_keychron_k6_rgb_ansi/lib/chibios/os/hal/lib/streams/memstreams.o
LOAD .build/obj_keychron_k6_rgb_ansi/lib/chibios/os/hal/lib/streams/nullstreams.o
LOAD .build/obj_keychron_k6_rgb_ansi/lib/chibios/os/various/syscalls.o
LOAD .build/obj_keychron_k6_rgb_ansi/platforms/chibios/syscall-fallbacks.o
LOAD .build/obj_keychron_k6_rgb_ansi/platforms/chibios/wait.o
LOAD .build/obj_keychron_k6_rgb_ansi/./lib/chibios/os/hal/ports/common/ARMCMx/nvic.o
LOAD .build/obj_keychron_k6_rgb_ansi/./lib/chibios-contrib/os/hal/ports/SN32/SN32F240B/hal_lld.o
LOAD .build/obj_keychron_k6_rgb_ansi/./lib/chibios-contrib/os/hal/src/hal_community.o
LOAD .build/obj_keychron_k6_rgb_ansi/./lib/chibios-contrib/os/hal/src/hal_fsmc.o
LOAD .build/obj_keychron_k6_rgb_ansi/./lib/chibios-contrib/os/hal/src/hal_nand.o
LOAD .build/obj_keychron_k6_rgb_ansi/./lib/chibios-contrib/os/hal/src/hal_sram.o
LOAD .build/obj_keychron_k6_rgb_ansi/./lib/chibios-contrib/os/hal/src/hal_sdram.o
LOAD .build/obj_keychron_k6_rgb_ansi/./lib/chibios-contrib/os/hal/src/hal_onewire.o
LOAD .build/obj_keychron_k6_rgb_ansi/./lib/chibios-contrib/os/hal/src/hal_eicu.o
LOAD .build/obj_keychron_k6_rgb_ansi/./lib/chibios-contrib/os/hal/src/hal_crc.o
LOAD .build/obj_keychron_k6_rgb_ansi/./lib/chibios-contrib/os/hal/src/hal_rng.o
LOAD .build/obj_keychron_k6_rgb_ansi/./lib/chibios-contrib/os/hal/src/hal_usbh.o
LOAD .build/obj_keychron_k6_rgb_ansi/./lib/chibios-contrib/os/hal/src/usbh/hal_usbh_debug.o
LOAD .build/obj_keychron_k6_rgb_ansi/./lib/chibios-contrib/os/hal/src/usbh/hal_usbh_desciter.o
LOAD .build/obj_keychron_k6_rgb_ansi/./lib/chibios-contrib/os/hal/src/usbh/hal_usbh_hub.o
LOAD .build/obj_keychron_k6_rgb_ansi/./lib/chibios-contrib/os/hal/src/usbh/hal_usbh_msd.o
LOAD .build/obj_keychron_k6_rgb_ansi/./lib/chibios-contrib/os/hal/src/usbh/hal_usbh_ftdi.o
LOAD .build/obj_keychron_k6_rgb_ansi/./lib/chibios-contrib/os/hal/src/usbh/hal_usbh_aoa.o
LOAD .build/obj_keychron_k6_rgb_ansi/./lib/chibios-contrib/os/hal/src/usbh/hal_usbh_hid.o
LOAD .build/obj_keychron_k6_rgb_ansi/./lib/chibios-contrib/os/hal/src/usbh/hal_usbh_uvc.o
LOAD .build/obj_keychron_k6_rgb_ansi/./lib/chibios-contrib/os/hal/src/hal_ee24xx.o
LOAD .build/obj_keychron_k6_rgb_ansi/./lib/chibios-contrib/os/hal/src/hal_ee25xx.o
LOAD .build/obj_keychron_k6_rgb_ansi/./lib/chibios-contrib/os/hal/src/hal_eeprom.o
LOAD .build/obj_keychron_k6_rgb_ansi/./lib/chibios-contrib/os/hal/src/hal_timcap.o
LOAD .build/obj_keychron_k6_rgb_ansi/./lib/chibios-contrib/os/hal/src/hal_qei.o
LOAD .build/obj_keychron_k6_rgb_ansi/./lib/chibios-contrib/os/hal/src/hal_usb_hid.o
LOAD .build/obj_keychron_k6_rgb_ansi/./lib/chibios-contrib/os/hal/src/hal_usb_msd.o
LOAD .build/obj_keychron_k6_rgb_ansi/./lib/chibios-contrib/os/hal/src/hal_comp.o
LOAD .build/obj_keychron_k6_rgb_ansi/./lib/chibios-contrib/os/hal/src/hal_opamp.o
                0x00000800                        __process_stack_size__ = 0x800
                0x00000400                        __main_stack_size__ = 0x400
LOAD /usr/lib/gcc/arm-none-eabi/12.2.0/../../../../arm-none-eabi/lib/thumb/v6-m/nofp/libm.a
START GROUP
LOAD /usr/lib/gcc/arm-none-eabi/12.2.0/thumb/v6-m/nofp/libgcc.a
LOAD /usr/lib/gcc/arm-none-eabi/12.2.0/../../../../arm-none-eabi/lib/thumb/v6-m/nofp/libg_nano.a
LOAD /usr/lib/gcc/arm-none-eabi/12.2.0/../../../../arm-none-eabi/lib/thumb/v6-m/nofp/libc_nano.a
END GROUP
START GROUP
LOAD /usr/lib/gcc/arm-none-eabi/12.2.0/thumb/v6-m/nofp/libgcc.a
LOAD /usr/lib/gcc/arm-none-eabi/12.2.0/../../../../arm-none-eabi/lib/thumb/v6-m/nofp/libc_nano.a
END GROUP

.mstack         0x20000000      0x400
                0x20000000                        . = ALIGN (0x8)
                0x20000000                        __main_stack_base__ = .
                0x20000400                        . = (. + __main_stack_size__)
 *fill*         0x20000000      0x400 
                0x20000400                        . = ALIGN (0x8)
                0x20000400                        __main_stack_end__ = .

.pstack         0x20000400      0x800
                0x20000400                        . = ALIGN (0x8)
                0x20000400                        __process_stack_base__ = .
                0x20000400                        __main_thread_stack_base__ = .
                0x20000c00                        . = (. + __process_stack_size__)
 *fill*         0x20000400      0x800 
                0x20000c00                        . = ALIGN (0x8)
                0x20000c00                        __process_stack_end__ = .
                0x20000c00                        __main_thread_stack_end__ = .

.vectors        0x00000000       0xc0
 *(.vectors)
 .vectors       0x00000000       0xc0 .build/obj_keychron_k6_rgb_ansi_via/./lib/chibios/os/common/startup/ARMCMx/compilers/GCC/vectors.o
                0x00000000                _vectors

.xtors          0x000000c0        0x0
                0x000000c0                        __init_array_base__ = .
 *(SORT_BY_NAME(.init_array.*))
 *(.init_array)
                0x000000c0                        __init_array_end__ = .
                0x000000c0                        __fini_array_base__ = .
 *(.fini_array)
 *(SORT_BY_NAME(.fini_array.*))
                0x000000c0                        __fini_array_end__ = .

.text           0x000000c0     0xb298
                0x000000c0                        __text_base__ = .
 *(.text)
 .text          0x000000c0       0xd0 .build/obj_keychron_k6_rgb_ansi_via/./lib/chibios/os/common/startup/ARMCMx/compilers/GCC/crt0_v6m.o
                0x000000c0                _crt0_entry
 .text          0x00000190        0x8 .build/obj_keychron_k6_rgb_ansi_via/./lib/chibios/os/common/startup/ARMCMx/compilers/GCC/vectors.o
                0x00000190                Reset_Handler
                0x00000192                Vector58
                0x00000192                Vector9C
                0x00000192                VectorAC
                0x00000192                DebugMon_Handler
                0x00000192                Vector5C
                0x00000192                HardFault_Handler
                0x00000192                Vector8C
                0x00000192                PendSV_Handler
                0x00000192                Vector94
                0x00000192                VectorA8
                0x00000192                VectorB4
                0x00000192                Vector74
                0x00000192                UsageFault_Handler
                0x00000192                Vector40
                0x00000192                VectorBC
                0x00000192                Vector64
                0x00000192                Vector54
                0x00000192                Vector98
                0x00000192                Vector24
                0x00000192                Vector84
                0x00000192                MemManage_Handler
                0x00000192                Vector6C
                0x00000192                VectorA0
                0x00000192                SVC_Handler
                0x00000192                Vector7C
                0x00000192                VectorB0
                0x00000192                Vector90
                0x00000192                Vector60
                0x00000192                Vector1C
                0x00000192                Vector48
                0x00000192                Vector70
                0x00000192                Vector4C
                0x00000192                Vector68
                0x00000192                Vector78
                0x00000192                Vector88
                0x00000192                BusFault_Handler
                0x00000192                Vector50
                0x00000192                Vector28
                0x00000192                VectorB8
                0x00000192                Vector34
                0x00000192                VectorA4
                0x00000192                Vector20
                0x00000196                _unhandled_exception
 .text          0x00000198       0x44 .build/obj_keychron_k6_rgb_ansi_via/./lib/chibios/os/common/ports/ARMCMx/compilers/GCC/chcoreasm_v6m.o
                0x00000198                _port_switch
                0x000001b8                _port_thread_start
                0x000001c6                _port_switch_from_isr
                0x000001ca                _port_exit_from_isr
 .text          0x000001dc      0x114 /usr/lib/gcc/arm-none-eabi/12.2.0/thumb/v6-m/nofp/libgcc.a(_udivsi3.o)
                0x000001dc                __udivsi3
                0x000001dc                __aeabi_uidiv
                0x000002e8                __aeabi_uidivmod
 .text          0x000002f0      0x1d4 /usr/lib/gcc/arm-none-eabi/12.2.0/thumb/v6-m/nofp/libgcc.a(_divsi3.o)
                0x000002f0                __aeabi_idiv
                0x000002f0                __divsi3
                0x000004bc                __aeabi_idivmod
 .text          0x000004c4        0x4 /usr/lib/gcc/arm-none-eabi/12.2.0/thumb/v6-m/nofp/libgcc.a(_dvmd_tls.o)
                0x000004c4                __aeabi_ldiv0
                0x000004c4                __aeabi_idiv0
 .text          0x000004c8       0x40 /usr/lib/gcc/arm-none-eabi/12.2.0/thumb/v6-m/nofp/libgcc.a(_aeabi_uldivmod.o)
                0x000004c8                __aeabi_uldivmod
 .text          0x00000508       0x5c /usr/lib/gcc/arm-none-eabi/12.2.0/thumb/v6-m/nofp/libgcc.a(_muldi3.o)
                0x00000508                __aeabi_lmul
                0x00000508                __muldi3
 .text          0x00000564      0x198 /usr/lib/gcc/arm-none-eabi/12.2.0/thumb/v6-m/nofp/libgcc.a(_udivmoddi4.o)
                0x00000564                __udivmoddi4
 .text          0x000006fc       0x3c /usr/lib/gcc/arm-none-eabi/12.2.0/thumb/v6-m/nofp/libgcc.a(_clzsi2.o)
                0x000006fc                __clzsi2
 .text          0x00000738       0x18 /usr/lib/gcc/arm-none-eabi/12.2.0/thumb/v6-m/nofp/libgcc.a(_clzdi2.o)
                0x00000738                __clzdi2
 .text          0x00000750       0x14 /usr/lib/gcc/arm-none-eabi/12.2.0/thumb/v6-m/nofp/libgcc.a(_thumb1_case_shi.o)
                0x00000750                __gnu_thumb1_case_shi
 *(.text.*)
 .text.matrix_init_user
                0x00000764        0x4 .build/obj_keychron_k6_rgb_ansi_via/../../../drivers/led/sn32/matrix_sn32f24xx.o
                0x00000764                matrix_init_user
 .text.matrix_init_kb
                0x00000768        0x8 .build/obj_keychron_k6_rgb_ansi_via/../../../drivers/led/sn32/matrix_sn32f24xx.o
                0x00000768                matrix_init_kb
 .text.matrix_scan_user
                0x00000770        0x4 .build/obj_keychron_k6_rgb_ansi_via/../../../drivers/led/sn32/matrix_sn32f24xx.o
                0x00000770                matrix_scan_user
 .text.matrix_scan_kb
                0x00000774        0x8 .build/obj_keychron_k6_rgb_ansi_via/../../../drivers/led/sn32/matrix_sn32f24xx.o
                0x00000774                matrix_scan_kb
 .text.matrix_get_row
                0x0000077c        0xc .build/obj_keychron_k6_rgb_ansi_via/../../../drivers/led/sn32/matrix_sn32f24xx.o
                0x0000077c                matrix_get_row
 .text.matrix_print
                0x00000788        0x4 .build/obj_keychron_k6_rgb_ansi_via/../../../drivers/led/sn32/matrix_sn32f24xx.o
                0x00000788                matrix_print
 .text.matrix_init
                0x0000078c       0x48 .build/obj_keychron_k6_rgb_ansi_via/../../../drivers/led/sn32/matrix_sn32f24xx.o
                0x0000078c                matrix_init
 .text.matrix_scan
                0x000007d4       0x6c .build/obj_keychron_k6_rgb_ansi_via/../../../drivers/led/sn32/matrix_sn32f24xx.o
                0x000007d4                matrix_scan
 .text.matrix_scan_keys
                0x00000840       0xa8 .build/obj_keychron_k6_rgb_ansi_via/../../../drivers/led/sn32/matrix_sn32f24xx.o
                0x00000840                matrix_scan_keys
 .text.dip_switch_update_user
                0x000008e8       0x1c .build/obj_keychron_k6_rgb_ansi_via/keyboards/keychron/k6/keymaps/via/keymap.o
                0x000008e8                dip_switch_update_user
 .text.keyboard_post_init_user
                0x00000904        0x4 .build/obj_keychron_k6_rgb_ansi_via/keyboards/keychron/k6/keymaps/via/keymap.o
                0x00000904                keyboard_post_init_user
 .text.process_record_user
                0x00000908       0x48 .build/obj_keychron_k6_rgb_ansi_via/keyboards/keychron/k6/keymaps/via/keymap.o
                0x00000908                process_record_user
 .text.process_action_kb
                0x00000950        0x4 .build/obj_keychron_k6_rgb_ansi_via/quantum/quantum.o
                0x00000950                process_action_kb
 .text.process_record_kb
                0x00000954        0x8 .build/obj_keychron_k6_rgb_ansi_via/quantum/quantum.o
                0x00000954                process_record_kb
 .text.post_process_record_user
                0x0000095c        0x4 .build/obj_keychron_k6_rgb_ansi_via/quantum/quantum.o
                0x0000095c                post_process_record_user
 .text.post_process_record_kb
                0x00000960        0x8 .build/obj_keychron_k6_rgb_ansi_via/quantum/quantum.o
                0x00000960                post_process_record_kb
 .text.get_event_keycode
                0x00000968       0x50 .build/obj_keychron_k6_rgb_ansi_via/quantum/quantum.o
                0x00000968                get_event_keycode
 .text.pre_process_record_quantum
                0x000009b8        0x4 .build/obj_keychron_k6_rgb_ansi_via/quantum/quantum.o
                0x000009b8                pre_process_record_quantum
 .text.post_process_record_quantum
                0x000009bc       0x40 .build/obj_keychron_k6_rgb_ansi_via/quantum/quantum.o
                0x000009bc                post_process_record_quantum
 .text.update_tri_layer
                0x000009fc       0x30 .build/obj_keychron_k6_rgb_ansi_via/quantum/quantum.o
                0x000009fc                update_tri_layer
 .text.matrix_init_quantum
                0x00000a2c       0x14 .build/obj_keychron_k6_rgb_ansi_via/quantum/quantum.o
                0x00000a2c                matrix_init_quantum
 .text.matrix_scan_quantum
                0x00000a40       0x10 .build/obj_keychron_k6_rgb_ansi_via/quantum/quantum.o
                0x00000a40                matrix_scan_quantum
 .text.shutdown_user
                0x00000a50        0x4 .build/obj_keychron_k6_rgb_ansi_via/quantum/quantum.o
                0x00000a50                shutdown_user
 .text.process_record_quantum
                0x00000a54       0xcc .build/obj_keychron_k6_rgb_ansi_via/quantum/quantum.o
                0x00000a54                process_record_quantum
 .text.suspend_power_down_quantum
                0x00000b20       0x14 .build/obj_keychron_k6_rgb_ansi_via/quantum/quantum.o
                0x00000b20                suspend_power_down_quantum
 .text.suspend_wakeup_init_user
                0x00000b34        0x4 .build/obj_keychron_k6_rgb_ansi_via/quantum/quantum.o
                0x00000b34                suspend_wakeup_init_user
 .text.suspend_wakeup_init_kb
                0x00000b38        0x8 .build/obj_keychron_k6_rgb_ansi_via/quantum/quantum.o
                0x00000b38                suspend_wakeup_init_kb
 .text.suspend_wakeup_init_quantum
                0x00000b40       0x18 .build/obj_keychron_k6_rgb_ansi_via/quantum/quantum.o
                0x00000b40                suspend_wakeup_init_quantum
 .text.send_char
                0x00000b58       0x94 .build/obj_keychron_k6_rgb_ansi_via/quantum/send_string.o
                0x00000b58                send_char
 .text.send_string_with_delay
                0x00000bec       0xb4 .build/obj_keychron_k6_rgb_ansi_via/quantum/send_string.o
                0x00000bec                send_string_with_delay
 .text.send_string
                0x00000ca0        0xc .build/obj_keychron_k6_rgb_ansi_via/quantum/send_string.o
                0x00000ca0                send_string
 .text.led_set_user
                0x00000cac        0x4 .build/obj_keychron_k6_rgb_ansi_via/quantum/led.o
                0x00000cac                led_set_user
 .text.led_set_kb
                0x00000cb0        0x8 .build/obj_keychron_k6_rgb_ansi_via/quantum/led.o
                0x00000cb0                led_set_kb
 .text.led_update_user
                0x00000cb8        0x4 .build/obj_keychron_k6_rgb_ansi_via/quantum/led.o
                0x00000cb8                led_update_user
 .text.led_update_kb
                0x00000cbc       0x24 .build/obj_keychron_k6_rgb_ansi_via/quantum/led.o
                0x00000cbc                led_update_kb
 .text.led_init_ports
                0x00000ce0       0x1c .build/obj_keychron_k6_rgb_ansi_via/quantum/led.o
                0x00000ce0                led_init_ports
 .text.led_set  0x00000cfc       0x10 .build/obj_keychron_k6_rgb_ansi_via/quantum/led.o
                0x00000cfc                led_set
 .text.register_code.part.0
                0x00000d0c       0x88 .build/obj_keychron_k6_rgb_ansi_via/quantum/action.o
 .text.action_exec
                0x00000d94       0x78 .build/obj_keychron_k6_rgb_ansi_via/quantum/action.o
                0x00000d94                action_exec
 .text.process_record_tap_hint
                0x00000e0c        0xc .build/obj_keychron_k6_rgb_ansi_via/quantum/action.o
                0x00000e0c                process_record_tap_hint
 .text.register_code
                0x00000e18        0xc .build/obj_keychron_k6_rgb_ansi_via/quantum/action.o
                0x00000e18                register_code
 .text.unregister_code
                0x00000e24       0x64 .build/obj_keychron_k6_rgb_ansi_via/quantum/action.o
                0x00000e24                unregister_code
 .text.process_action
                0x00000e88      0x580 .build/obj_keychron_k6_rgb_ansi_via/quantum/action.o
                0x00000e88                process_action
 .text.process_record
                0x00001408       0x74 .build/obj_keychron_k6_rgb_ansi_via/quantum/action.o
                0x00001408                process_record
 .text.tap_code
                0x0000147c       0x34 .build/obj_keychron_k6_rgb_ansi_via/quantum/action.o
                0x0000147c                tap_code
 .text.register_mods
                0x000014b0       0x14 .build/obj_keychron_k6_rgb_ansi_via/quantum/action.o
                0x000014b0                register_mods
 .text.unregister_mods
                0x000014c4       0x14 .build/obj_keychron_k6_rgb_ansi_via/quantum/action.o
                0x000014c4                unregister_mods
 .text.clear_keyboard
                0x000014d8       0x2c .build/obj_keychron_k6_rgb_ansi_via/quantum/action.o
                0x000014d8                clear_keyboard
 .text.clear_keyboard_but_mods_and_keys
                0x00001504       0x1c .build/obj_keychron_k6_rgb_ansi_via/quantum/action.o
                0x00001504                clear_keyboard_but_mods_and_keys
 .text.is_tap_record
                0x00001520       0x60 .build/obj_keychron_k6_rgb_ansi_via/quantum/action.o
                0x00001520                is_tap_record
 .text.debug_event
                0x00001580        0x8 .build/obj_keychron_k6_rgb_ansi_via/quantum/action.o
                0x00001580                debug_event
 .text.debug_record
                0x00001588        0x8 .build/obj_keychron_k6_rgb_ansi_via/quantum/action.o
                0x00001588                debug_record
 .text.default_layer_state_set_user
                0x00001590        0x4 .build/obj_keychron_k6_rgb_ansi_via/quantum/action_layer.o
                0x00001590                default_layer_state_set_user
 .text.default_layer_state_set_kb
                0x00001594        0x8 .build/obj_keychron_k6_rgb_ansi_via/quantum/action_layer.o
                0x00001594                default_layer_state_set_kb
 .text.default_layer_debug
                0x0000159c        0x4 .build/obj_keychron_k6_rgb_ansi_via/quantum/action_layer.o
                0x0000159c                default_layer_debug
 .text.default_layer_set
                0x000015a0       0x14 .build/obj_keychron_k6_rgb_ansi_via/quantum/action_layer.o
                0x000015a0                default_layer_set
 .text.default_layer_or
                0x000015b4       0x18 .build/obj_keychron_k6_rgb_ansi_via/quantum/action_layer.o
                0x000015b4                default_layer_or
 .text.default_layer_and
                0x000015cc       0x18 .build/obj_keychron_k6_rgb_ansi_via/quantum/action_layer.o
                0x000015cc                default_layer_and
 .text.default_layer_xor
                0x000015e4       0x18 .build/obj_keychron_k6_rgb_ansi_via/quantum/action_layer.o
                0x000015e4                default_layer_xor
 .text.layer_state_set_user
                0x000015fc        0x4 .build/obj_keychron_k6_rgb_ansi_via/quantum/action_layer.o
                0x000015fc                layer_state_set_user
 .text.layer_state_set_kb
                0x00001600        0x8 .build/obj_keychron_k6_rgb_ansi_via/quantum/action_layer.o
                0x00001600                layer_state_set_kb
 .text.layer_state_set
                0x00001608       0x14 .build/obj_keychron_k6_rgb_ansi_via/quantum/action_layer.o
                0x00001608                layer_state_set
 .text.layer_clear
                0x0000161c       0x18 .build/obj_keychron_k6_rgb_ansi_via/quantum/action_layer.o
                0x0000161c                layer_clear
 .text.layer_move
                0x00001634       0x1c .build/obj_keychron_k6_rgb_ansi_via/quantum/action_layer.o
                0x00001634                layer_move
 .text.layer_on
                0x00001650       0x20 .build/obj_keychron_k6_rgb_ansi_via/quantum/action_layer.o
                0x00001650                layer_on
 .text.layer_off
                0x00001670       0x1c .build/obj_keychron_k6_rgb_ansi_via/quantum/action_layer.o
                0x00001670                layer_off
 .text.layer_invert
                0x0000168c       0x20 .build/obj_keychron_k6_rgb_ansi_via/quantum/action_layer.o
                0x0000168c                layer_invert
 .text.layer_or
                0x000016ac       0x18 .build/obj_keychron_k6_rgb_ansi_via/quantum/action_layer.o
                0x000016ac                layer_or
 .text.layer_and
                0x000016c4       0x18 .build/obj_keychron_k6_rgb_ansi_via/quantum/action_layer.o
                0x000016c4                layer_and
 .text.layer_xor
                0x000016dc       0x18 .build/obj_keychron_k6_rgb_ansi_via/quantum/action_layer.o
                0x000016dc                layer_xor
 .text.layer_debug
                0x000016f4        0x4 .build/obj_keychron_k6_rgb_ansi_via/quantum/action_layer.o
                0x000016f4                layer_debug
 .text.update_source_layers_cache
                0x000016f8       0x4c .build/obj_keychron_k6_rgb_ansi_via/quantum/action_layer.o
                0x000016f8                update_source_layers_cache
 .text.read_source_layers_cache
                0x00001744       0x40 .build/obj_keychron_k6_rgb_ansi_via/quantum/action_layer.o
                0x00001744                read_source_layers_cache
 .text.store_or_get_action
                0x00001784      0x104 .build/obj_keychron_k6_rgb_ansi_via/quantum/action_layer.o
                0x00001784                store_or_get_action
 .text.layer_switch_get_layer
                0x00001888       0x54 .build/obj_keychron_k6_rgb_ansi_via/quantum/action_layer.o
                0x00001888                layer_switch_get_layer
 .text.layer_switch_get_action
                0x000018dc       0x5c .build/obj_keychron_k6_rgb_ansi_via/quantum/action_layer.o
                0x000018dc                layer_switch_get_action
 .text.action_macro_play
                0x00001938       0xe4 .build/obj_keychron_k6_rgb_ansi_via/quantum/action_macro.o
                0x00001938                action_macro_play
 .text.waiting_buffer_scan_tap
                0x00001a1c       0xf4 .build/obj_keychron_k6_rgb_ansi_via/quantum/action_tapping.o
 .text.process_tapping
                0x00001b10      0x2d0 .build/obj_keychron_k6_rgb_ansi_via/quantum/action_tapping.o
 .text.action_tapping_process
                0x00001de0      0x11c .build/obj_keychron_k6_rgb_ansi_via/quantum/action_tapping.o
                0x00001de0                action_tapping_process
 .text.get_oneshot_layer
                0x00001efc       0x10 .build/obj_keychron_k6_rgb_ansi_via/quantum/action_util.o
                0x00001efc                get_oneshot_layer
 .text.get_oneshot_layer_state
                0x00001f0c       0x10 .build/obj_keychron_k6_rgb_ansi_via/quantum/action_util.o
                0x00001f0c                get_oneshot_layer_state
 .text.is_oneshot_layer_active
                0x00001f1c       0x14 .build/obj_keychron_k6_rgb_ansi_via/quantum/action_util.o
                0x00001f1c                is_oneshot_layer_active
 .text.get_mods
                0x00001f30        0xc .build/obj_keychron_k6_rgb_ansi_via/quantum/action_util.o
                0x00001f30                get_mods
 .text.add_mods
                0x00001f3c       0x10 .build/obj_keychron_k6_rgb_ansi_via/quantum/action_util.o
                0x00001f3c                add_mods
 .text.del_mods
                0x00001f4c       0x10 .build/obj_keychron_k6_rgb_ansi_via/quantum/action_util.o
                0x00001f4c                del_mods
 .text.clear_mods
                0x00001f5c        0xc .build/obj_keychron_k6_rgb_ansi_via/quantum/action_util.o
                0x00001f5c                clear_mods
 .text.add_weak_mods
                0x00001f68       0x10 .build/obj_keychron_k6_rgb_ansi_via/quantum/action_util.o
                0x00001f68                add_weak_mods
 .text.del_weak_mods
                0x00001f78       0x10 .build/obj_keychron_k6_rgb_ansi_via/quantum/action_util.o
                0x00001f78                del_weak_mods
 .text.clear_weak_mods
                0x00001f88        0xc .build/obj_keychron_k6_rgb_ansi_via/quantum/action_util.o
                0x00001f88                clear_weak_mods
 .text.add_macro_mods
                0x00001f94       0x10 .build/obj_keychron_k6_rgb_ansi_via/quantum/action_util.o
                0x00001f94                add_macro_mods
 .text.del_macro_mods
                0x00001fa4       0x10 .build/obj_keychron_k6_rgb_ansi_via/quantum/action_util.o
                0x00001fa4                del_macro_mods
 .text.clear_macro_mods
                0x00001fb4        0xc .build/obj_keychron_k6_rgb_ansi_via/quantum/action_util.o
                0x00001fb4                clear_macro_mods
 .text.get_oneshot_mods
                0x00001fc0        0xc .build/obj_keychron_k6_rgb_ansi_via/quantum/action_util.o
                0x00001fc0                get_oneshot_mods
 .text.oneshot_mods_changed_user
                0x00001fcc        0x4 .build/obj_keychron_k6_rgb_ansi_via/quantum/action_util.o
                0x00001fcc                oneshot_mods_changed_user
 .text.oneshot_mods_changed_kb
                0x00001fd0        0x8 .build/obj_keychron_k6_rgb_ansi_via/quantum/action_util.o
                0x00001fd0                oneshot_mods_changed_kb
 .text.set_oneshot_mods
                0x00001fd8       0x24 .build/obj_keychron_k6_rgb_ansi_via/quantum/action_util.o
                0x00001fd8                set_oneshot_mods
 .text.send_keyboard_report
                0x00001ffc       0x5c .build/obj_keychron_k6_rgb_ansi_via/quantum/action_util.o
                0x00001ffc                send_keyboard_report
 .text.clear_oneshot_mods
                0x00002058       0x1c .build/obj_keychron_k6_rgb_ansi_via/quantum/action_util.o
                0x00002058                clear_oneshot_mods
 .text.oneshot_layer_changed_user
                0x00002074        0x4 .build/obj_keychron_k6_rgb_ansi_via/quantum/action_util.o
                0x00002074                oneshot_layer_changed_user
 .text.oneshot_layer_changed_kb
                0x00002078        0x8 .build/obj_keychron_k6_rgb_ansi_via/quantum/action_util.o
                0x00002078                oneshot_layer_changed_kb
 .text.set_oneshot_layer
                0x00002080       0x34 .build/obj_keychron_k6_rgb_ansi_via/quantum/action_util.o
                0x00002080                set_oneshot_layer
 .text.clear_oneshot_layer_state
                0x000020b4       0x44 .build/obj_keychron_k6_rgb_ansi_via/quantum/action_util.o
                0x000020b4                clear_oneshot_layer_state
 .text.oneshot_enable
                0x000020f8       0x24 .build/obj_keychron_k6_rgb_ansi_via/quantum/action_util.o
                0x000020f8                oneshot_enable
 .text.oneshot_disable
                0x0000211c       0x24 .build/obj_keychron_k6_rgb_ansi_via/quantum/action_util.o
                0x0000211c                oneshot_disable
 .text.oneshot_toggle
                0x00002140       0x64 .build/obj_keychron_k6_rgb_ansi_via/quantum/action_util.o
                0x00002140                oneshot_toggle
 .text.eeconfig_init_user
                0x000021a4        0xc .build/obj_keychron_k6_rgb_ansi_via/quantum/eeconfig.o
                0x000021a4                eeconfig_init_user
 .text.eeconfig_init_kb
                0x000021b0       0x10 .build/obj_keychron_k6_rgb_ansi_via/quantum/eeconfig.o
                0x000021b0                eeconfig_init_kb
 .text.eeconfig_init_quantum
                0x000021c0       0x9c .build/obj_keychron_k6_rgb_ansi_via/quantum/eeconfig.o
                0x000021c0                eeconfig_init_quantum
 .text.eeconfig_init
                0x0000225c        0x8 .build/obj_keychron_k6_rgb_ansi_via/quantum/eeconfig.o
                0x0000225c                eeconfig_init
 .text.eeconfig_disable
                0x00002264       0x14 .build/obj_keychron_k6_rgb_ansi_via/quantum/eeconfig.o
                0x00002264                eeconfig_disable
 .text.eeconfig_is_enabled
                0x00002278       0x20 .build/obj_keychron_k6_rgb_ansi_via/quantum/eeconfig.o
                0x00002278                eeconfig_is_enabled
 .text.eeconfig_read_debug
                0x00002298        0xc .build/obj_keychron_k6_rgb_ansi_via/quantum/eeconfig.o
                0x00002298                eeconfig_read_debug
 .text.eeconfig_read_default_layer
                0x000022a4        0xc .build/obj_keychron_k6_rgb_ansi_via/quantum/eeconfig.o
                0x000022a4                eeconfig_read_default_layer
 .text.eeconfig_read_keymap
                0x000022b0       0x18 .build/obj_keychron_k6_rgb_ansi_via/quantum/eeconfig.o
                0x000022b0                eeconfig_read_keymap
 .text.eeconfig_update_keymap
                0x000022c8       0x18 .build/obj_keychron_k6_rgb_ansi_via/quantum/eeconfig.o
                0x000022c8                eeconfig_update_keymap
 .text.eeconfig_update_handedness
                0x000022e0        0xc .build/obj_keychron_k6_rgb_ansi_via/quantum/eeconfig.o
                0x000022e0                eeconfig_update_handedness
 .text.matrix_setup
                0x000022ec        0x4 .build/obj_keychron_k6_rgb_ansi_via/quantum/keyboard.o
                0x000022ec                matrix_setup
 .text.keyboard_pre_init_user
                0x000022f0        0x4 .build/obj_keychron_k6_rgb_ansi_via/quantum/keyboard.o
                0x000022f0                keyboard_pre_init_user
 .text.keyboard_pre_init_kb
                0x000022f4        0x8 .build/obj_keychron_k6_rgb_ansi_via/quantum/keyboard.o
                0x000022f4                keyboard_pre_init_kb
 .text.keyboard_post_init_kb
                0x000022fc        0x8 .build/obj_keychron_k6_rgb_ansi_via/quantum/keyboard.o
                0x000022fc                keyboard_post_init_kb
 .text.keyboard_setup
                0x00002304       0x1c .build/obj_keychron_k6_rgb_ansi_via/quantum/keyboard.o
                0x00002304                keyboard_setup
 .text.is_keyboard_master
                0x00002320        0x4 .build/obj_keychron_k6_rgb_ansi_via/quantum/keyboard.o
                0x00002320                is_keyboard_master
 .text.should_process_keypress
                0x00002324        0x8 .build/obj_keychron_k6_rgb_ansi_via/quantum/keyboard.o
                0x00002324                should_process_keypress
 .text.housekeeping_task_kb
                0x0000232c        0x4 .build/obj_keychron_k6_rgb_ansi_via/quantum/keyboard.o
                0x0000232c                housekeeping_task_kb
 .text.housekeeping_task_user
                0x00002330        0x4 .build/obj_keychron_k6_rgb_ansi_via/quantum/keyboard.o
                0x00002330                housekeeping_task_user
 .text.housekeeping_task
                0x00002334        0xc .build/obj_keychron_k6_rgb_ansi_via/quantum/keyboard.o
                0x00002334                housekeeping_task
 .text.keyboard_init
                0x00002340       0x18 .build/obj_keychron_k6_rgb_ansi_via/quantum/keyboard.o
                0x00002340                keyboard_init
 .text.keyboard_task
                0x00002358      0x12c .build/obj_keychron_k6_rgb_ansi_via/quantum/keyboard.o
                0x00002358                keyboard_task
 .text.action_get_macro
                0x00002484        0x4 .build/obj_keychron_k6_rgb_ansi_via/quantum/keymap_common.o
                0x00002484                action_get_macro
 .text.action_function
                0x00002488        0x4 .build/obj_keychron_k6_rgb_ansi_via/quantum/keymap_common.o
                0x00002488                action_function
 .text.keymap_function_id_to_action
                0x0000248c        0xc .build/obj_keychron_k6_rgb_ansi_via/quantum/keymap_common.o
                0x0000248c                keymap_function_id_to_action
 .text.action_for_keycode
                0x00002498      0x210 .build/obj_keychron_k6_rgb_ansi_via/quantum/keymap_common.o
                0x00002498                action_for_keycode
 .text.action_for_key
                0x000026a8       0x18 .build/obj_keychron_k6_rgb_ansi_via/quantum/keymap_common.o
                0x000026a8                action_for_key
 .text.keycode_config
                0x000026c0      0x11c .build/obj_keychron_k6_rgb_ansi_via/quantum/keycode_config.o
                0x000026c0                keycode_config
 .text.mod_config
                0x000027dc       0xb4 .build/obj_keychron_k6_rgb_ansi_via/quantum/keycode_config.o
                0x000027dc                mod_config
 .text.sendchar
                0x00002890        0x4 .build/obj_keychron_k6_rgb_ansi_via/quantum/logging/sendchar.o
                0x00002890                sendchar
 .text.null_sendchar_func
                0x00002894        0x4 .build/obj_keychron_k6_rgb_ansi_via/quantum/logging/print.o
 .text.print_set_sendchar
                0x00002898        0xc .build/obj_keychron_k6_rgb_ansi_via/quantum/logging/print.o
                0x00002898                print_set_sendchar
 .text.bootmagic_lite_reset_eeprom
                0x000028a4        0x8 .build/obj_keychron_k6_rgb_ansi_via/quantum/bootmagic/bootmagic_lite.o
                0x000028a4                bootmagic_lite_reset_eeprom
 .text.bootmagic_lite
                0x000028ac       0x28 .build/obj_keychron_k6_rgb_ansi_via/quantum/bootmagic/bootmagic_lite.o
                0x000028ac                bootmagic_lite
 .text.bootmagic
                0x000028d4        0x8 .build/obj_keychron_k6_rgb_ansi_via/quantum/bootmagic/bootmagic_lite.o
                0x000028d4                bootmagic
 .text.magic    0x000028dc       0x44 .build/obj_keychron_k6_rgb_ansi_via/quantum/bootmagic/magic.o
                0x000028dc                magic
 .text.debounce_init
                0x00002920        0x4 .build/obj_keychron_k6_rgb_ansi_via/quantum/debounce/sym_defer_g.o
                0x00002920                debounce_init
 .text.debounce
                0x00002924       0x58 .build/obj_keychron_k6_rgb_ansi_via/quantum/debounce/sym_defer_g.o
                0x00002924                debounce
 .text.protocol_init
                0x0000297c       0x10 .build/obj_keychron_k6_rgb_ansi_via/quantum/main.o
                0x0000297c                protocol_init
 .text.protocol_task
                0x0000298c       0x10 .build/obj_keychron_k6_rgb_ansi_via/quantum/main.o
                0x0000298c                protocol_task
 .text.startup.main
                0x0000299c       0x1c .build/obj_keychron_k6_rgb_ansi_via/quantum/main.o
                0x0000299c                main
 .text.eeprom_read_byte
                0x000029b8       0x20 .build/obj_keychron_k6_rgb_ansi_via/eeprom_driver.o
                0x000029b8                eeprom_read_byte
 .text.eeprom_read_word
                0x000029d8       0x20 .build/obj_keychron_k6_rgb_ansi_via/eeprom_driver.o
                0x000029d8                eeprom_read_word
 .text.eeprom_update_block
                0x000029f8       0x3c .build/obj_keychron_k6_rgb_ansi_via/eeprom_driver.o
                0x000029f8                eeprom_update_block
 .text.eeprom_update_byte
                0x00002a34       0x34 .build/obj_keychron_k6_rgb_ansi_via/eeprom_driver.o
                0x00002a34                eeprom_update_byte
 .text.eeprom_update_word
                0x00002a68       0x34 .build/obj_keychron_k6_rgb_ansi_via/eeprom_driver.o
                0x00002a68                eeprom_update_word
 .text.eeprom_update_dword
                0x00002a9c       0x2c .build/obj_keychron_k6_rgb_ansi_via/eeprom_driver.o
                0x00002a9c                eeprom_update_dword
 .text.eeprom_driver_init
                0x00002ac8        0x4 .build/obj_keychron_k6_rgb_ansi_via/platforms/chibios/eeprom_sn32.o
                0x00002ac8                eeprom_driver_init
 .text.eeprom_driver_erase
                0x00002acc       0x1c .build/obj_keychron_k6_rgb_ansi_via/platforms/chibios/eeprom_sn32.o
                0x00002acc                eeprom_driver_erase
 .text.eeprom_read_block
                0x00002ae8       0x3c .build/obj_keychron_k6_rgb_ansi_via/platforms/chibios/eeprom_sn32.o
                0x00002ae8                eeprom_read_block
 .text.eeprom_write_block
                0x00002b24       0x60 .build/obj_keychron_k6_rgb_ansi_via/platforms/chibios/eeprom_sn32.o
                0x00002b24                eeprom_write_block
 .text.hsv_to_rgb_impl
                0x00002b84       0xe0 .build/obj_keychron_k6_rgb_ansi_via/quantum/color.o
                0x00002b84                hsv_to_rgb_impl
 .text.hsv_to_rgb
                0x00002c64       0x2c .build/obj_keychron_k6_rgb_ansi_via/quantum/color.o
                0x00002c64                hsv_to_rgb
 .text.BAND_SAT_math
                0x00002c90       0x58 .build/obj_keychron_k6_rgb_ansi_via/quantum/rgb_matrix/rgb_matrix.o
 .text.BAND_VAL_math
                0x00002ce8       0x58 .build/obj_keychron_k6_rgb_ansi_via/quantum/rgb_matrix/rgb_matrix.o
 .text.CYCLE_ALL_math
                0x00002d40       0x24 .build/obj_keychron_k6_rgb_ansi_via/quantum/rgb_matrix/rgb_matrix.o
 .text.CYCLE_LEFT_RIGHT_math
                0x00002d64       0x34 .build/obj_keychron_k6_rgb_ansi_via/quantum/rgb_matrix/rgb_matrix.o
 .text.CYCLE_UP_DOWN_math
                0x00002d98       0x38 .build/obj_keychron_k6_rgb_ansi_via/quantum/rgb_matrix/rgb_matrix.o
 .text.RAINBOW_MOVING_CHEVRON_math
                0x00002dd0       0x54 .build/obj_keychron_k6_rgb_ansi_via/quantum/rgb_matrix/rgb_matrix.o
 .text.CYCLE_OUT_IN_math
                0x00002e24       0x30 .build/obj_keychron_k6_rgb_ansi_via/quantum/rgb_matrix/rgb_matrix.o
 .text.CYCLE_OUT_IN_DUAL_math
                0x00002e54       0x94 .build/obj_keychron_k6_rgb_ansi_via/quantum/rgb_matrix/rgb_matrix.o
 .text.DUAL_BEACON_math
                0x00002ee8       0x4c .build/obj_keychron_k6_rgb_ansi_via/quantum/rgb_matrix/rgb_matrix.o
 .text.RAINBOW_BEACON_math
                0x00002f34       0x4c .build/obj_keychron_k6_rgb_ansi_via/quantum/rgb_matrix/rgb_matrix.o
 .text.RAINBOW_PINWHEELS_math
                0x00002f80       0x64 .build/obj_keychron_k6_rgb_ansi_via/quantum/rgb_matrix/rgb_matrix.o
 .text.HUE_WAVE_math
                0x00002fe4       0x48 .build/obj_keychron_k6_rgb_ansi_via/quantum/rgb_matrix/rgb_matrix.o
 .text.SOLID_REACTIVE_SIMPLE_math
                0x0000302c       0x30 .build/obj_keychron_k6_rgb_ansi_via/quantum/rgb_matrix/rgb_matrix.o
 .text.SOLID_REACTIVE_math
                0x0000305c       0x30 .build/obj_keychron_k6_rgb_ansi_via/quantum/rgb_matrix/rgb_matrix.o
 .text.SOLID_REACTIVE_WIDE_math
                0x0000308c       0x44 .build/obj_keychron_k6_rgb_ansi_via/quantum/rgb_matrix/rgb_matrix.o
 .text.SOLID_REACTIVE_CROSS_math
                0x000030d0       0x74 .build/obj_keychron_k6_rgb_ansi_via/quantum/rgb_matrix/rgb_matrix.o
 .text.SOLID_REACTIVE_NEXUS_math
                0x00003144       0x7c .build/obj_keychron_k6_rgb_ansi_via/quantum/rgb_matrix/rgb_matrix.o
 .text.SPLASH_math
                0x000031c0       0x48 .build/obj_keychron_k6_rgb_ansi_via/quantum/rgb_matrix/rgb_matrix.o
                0x000031c0                SPLASH_math
 .text.SOLID_SPLASH_math
                0x00003208       0x40 .build/obj_keychron_k6_rgb_ansi_via/quantum/rgb_matrix/rgb_matrix.o
                0x00003208                SOLID_SPLASH_math
 .text.BAND_PINWHEEL_SAT_math
                0x00003248       0x8c .build/obj_keychron_k6_rgb_ansi_via/quantum/rgb_matrix/rgb_matrix.o
 .text.CYCLE_PINWHEEL_math
                0x000032d4       0x6c .build/obj_keychron_k6_rgb_ansi_via/quantum/rgb_matrix/rgb_matrix.o
 .text.CYCLE_SPIRAL_math
                0x00003340       0x74 .build/obj_keychron_k6_rgb_ansi_via/quantum/rgb_matrix/rgb_matrix.o
 .text.BAND_PINWHEEL_VAL_math
                0x000033b4       0x7c .build/obj_keychron_k6_rgb_ansi_via/quantum/rgb_matrix/rgb_matrix.o
 .text.BAND_SPIRAL_VAL_math
                0x00003430       0x78 .build/obj_keychron_k6_rgb_ansi_via/quantum/rgb_matrix/rgb_matrix.o
 .text.BAND_SPIRAL_SAT_math
                0x000034a8       0x8c .build/obj_keychron_k6_rgb_ansi_via/quantum/rgb_matrix/rgb_matrix.o
 .text.HUE_PENDULUM_math
                0x00003534       0x94 .build/obj_keychron_k6_rgb_ansi_via/quantum/rgb_matrix/rgb_matrix.o
 .text.rgb_matrix_hsv_to_rgb
                0x000035c8       0x2c .build/obj_keychron_k6_rgb_ansi_via/quantum/rgb_matrix/rgb_matrix.o
                0x000035c8                rgb_matrix_hsv_to_rgb
 .text.raindrops_set_color.part.0
                0x000035f4       0x60 .build/obj_keychron_k6_rgb_ansi_via/quantum/rgb_matrix/rgb_matrix.o
 .text.jellybean_raindrops_set_color.part.0
                0x00003654       0x48 .build/obj_keychron_k6_rgb_ansi_via/quantum/rgb_matrix/rgb_matrix.o
 .text.effect_runner_dx_dy_dist
                0x0000369c      0x168 .build/obj_keychron_k6_rgb_ansi_via/quantum/rgb_matrix/rgb_matrix.o
                0x0000369c                effect_runner_dx_dy_dist
 .text.effect_runner_dx_dy
                0x00003804       0xfc .build/obj_keychron_k6_rgb_ansi_via/quantum/rgb_matrix/rgb_matrix.o
                0x00003804                effect_runner_dx_dy
 .text.effect_runner_i
                0x00003900       0xe0 .build/obj_keychron_k6_rgb_ansi_via/quantum/rgb_matrix/rgb_matrix.o
                0x00003900                effect_runner_i
 .text.effect_runner_sin_cos_i
                0x000039e0      0x164 .build/obj_keychron_k6_rgb_ansi_via/quantum/rgb_matrix/rgb_matrix.o
                0x000039e0                effect_runner_sin_cos_i
 .text.effect_runner_reactive
                0x00003b44      0x154 .build/obj_keychron_k6_rgb_ansi_via/quantum/rgb_matrix/rgb_matrix.o
                0x00003b44                effect_runner_reactive
 .text.effect_runner_reactive_splash
                0x00003c98      0x204 .build/obj_keychron_k6_rgb_ansi_via/quantum/rgb_matrix/rgb_matrix.o
                0x00003c98                effect_runner_reactive_splash
 .text.SOLID_COLOR
                0x00003e9c       0xa4 .build/obj_keychron_k6_rgb_ansi_via/quantum/rgb_matrix/rgb_matrix.o
                0x00003e9c                SOLID_COLOR
 .text.ALPHAS_MODS
                0x00003f40       0xe8 .build/obj_keychron_k6_rgb_ansi_via/quantum/rgb_matrix/rgb_matrix.o
                0x00003f40                ALPHAS_MODS
 .text.GRADIENT_UP_DOWN
                0x00004028       0xc8 .build/obj_keychron_k6_rgb_ansi_via/quantum/rgb_matrix/rgb_matrix.o
                0x00004028                GRADIENT_UP_DOWN
 .text.GRADIENT_LEFT_RIGHT
                0x000040f0       0xc8 .build/obj_keychron_k6_rgb_ansi_via/quantum/rgb_matrix/rgb_matrix.o
                0x000040f0                GRADIENT_LEFT_RIGHT
 .text.BREATHING
                0x000041b8      0x104 .build/obj_keychron_k6_rgb_ansi_via/quantum/rgb_matrix/rgb_matrix.o
                0x000041b8                BREATHING
 .text.RAINDROPS
                0x000042bc       0xac .build/obj_keychron_k6_rgb_ansi_via/quantum/rgb_matrix/rgb_matrix.o
                0x000042bc                RAINDROPS
 .text.JELLYBEAN_RAINDROPS
                0x00004368       0xac .build/obj_keychron_k6_rgb_ansi_via/quantum/rgb_matrix/rgb_matrix.o
                0x00004368                JELLYBEAN_RAINDROPS
 .text.HUE_BREATHING
                0x00004414      0x108 .build/obj_keychron_k6_rgb_ansi_via/quantum/rgb_matrix/rgb_matrix.o
                0x00004414                HUE_BREATHING
 .text.process_rgb_matrix_typing_heatmap
                0x0000451c      0x138 .build/obj_keychron_k6_rgb_ansi_via/quantum/rgb_matrix/rgb_matrix.o
                0x0000451c                process_rgb_matrix_typing_heatmap
 .text.eeconfig_update_rgb_matrix
                0x00004654       0x1c .build/obj_keychron_k6_rgb_ansi_via/quantum/rgb_matrix/rgb_matrix.o
                0x00004654                eeconfig_update_rgb_matrix
 .text.rgb_matrix_map_row_column_to_led_kb
                0x00004670        0x4 .build/obj_keychron_k6_rgb_ansi_via/quantum/rgb_matrix/rgb_matrix.o
                0x00004670                rgb_matrix_map_row_column_to_led_kb
 .text.DIGITAL_RAIN
                0x00004674      0x1ac .build/obj_keychron_k6_rgb_ansi_via/quantum/rgb_matrix/rgb_matrix.o
                0x00004674                DIGITAL_RAIN
 .text.TYPING_HEATMAP
                0x00004820      0x1dc .build/obj_keychron_k6_rgb_ansi_via/quantum/rgb_matrix/rgb_matrix.o
                0x00004820                TYPING_HEATMAP
 .text.process_rgb_matrix
                0x000049fc      0x174 .build/obj_keychron_k6_rgb_ansi_via/quantum/rgb_matrix/rgb_matrix.o
                0x000049fc                process_rgb_matrix
 .text.rgb_matrix_indicators_kb
                0x00004b70        0x4 .build/obj_keychron_k6_rgb_ansi_via/quantum/rgb_matrix/rgb_matrix.o
                0x00004b70                rgb_matrix_indicators_kb
 .text.rgb_matrix_indicators_user
                0x00004b74        0x4 .build/obj_keychron_k6_rgb_ansi_via/quantum/rgb_matrix/rgb_matrix.o
                0x00004b74                rgb_matrix_indicators_user
 .text.rgb_matrix_indicators_advanced_kb
                0x00004b78        0x4 .build/obj_keychron_k6_rgb_ansi_via/quantum/rgb_matrix/rgb_matrix.o
                0x00004b78                rgb_matrix_indicators_advanced_kb
 .text.rgb_matrix_indicators_advanced_user
                0x00004b7c        0x4 .build/obj_keychron_k6_rgb_ansi_via/quantum/rgb_matrix/rgb_matrix.o
                0x00004b7c                rgb_matrix_indicators_advanced_user
 .text.rgb_matrix_task
                0x00004b80      0x6e4 .build/obj_keychron_k6_rgb_ansi_via/quantum/rgb_matrix/rgb_matrix.o
                0x00004b80                rgb_matrix_task
 .text.rgb_matrix_init
                0x00005264       0xac .build/obj_keychron_k6_rgb_ansi_via/quantum/rgb_matrix/rgb_matrix.o
                0x00005264                rgb_matrix_init
 .text.rgb_matrix_set_suspend_state
                0x00005310        0x4 .build/obj_keychron_k6_rgb_ansi_via/quantum/rgb_matrix/rgb_matrix.o
                0x00005310                rgb_matrix_set_suspend_state
 .text.rgb_matrix_toggle
                0x00005314       0x28 .build/obj_keychron_k6_rgb_ansi_via/quantum/rgb_matrix/rgb_matrix.o
                0x00005314                rgb_matrix_toggle
 .text.rgb_matrix_enable_noeeprom
                0x0000533c       0x28 .build/obj_keychron_k6_rgb_ansi_via/quantum/rgb_matrix/rgb_matrix.o
                0x0000533c                rgb_matrix_enable_noeeprom
 .text.rgb_matrix_disable_noeeprom
                0x00005364       0x20 .build/obj_keychron_k6_rgb_ansi_via/quantum/rgb_matrix/rgb_matrix.o
                0x00005364                rgb_matrix_disable_noeeprom
 .text.rgb_matrix_mode_noeeprom
                0x00005384       0x38 .build/obj_keychron_k6_rgb_ansi_via/quantum/rgb_matrix/rgb_matrix.o
                0x00005384                rgb_matrix_mode_noeeprom
 .text.rgb_matrix_mode
                0x000053bc       0x44 .build/obj_keychron_k6_rgb_ansi_via/quantum/rgb_matrix/rgb_matrix.o
                0x000053bc                rgb_matrix_mode
 .text.rgb_matrix_get_mode
                0x00005400        0xc .build/obj_keychron_k6_rgb_ansi_via/quantum/rgb_matrix/rgb_matrix.o
                0x00005400                rgb_matrix_get_mode
 .text.rgb_matrix_step
                0x0000540c       0x40 .build/obj_keychron_k6_rgb_ansi_via/quantum/rgb_matrix/rgb_matrix.o
                0x0000540c                rgb_matrix_step
 .text.rgb_matrix_step_reverse
                0x0000544c       0x54 .build/obj_keychron_k6_rgb_ansi_via/quantum/rgb_matrix/rgb_matrix.o
                0x0000544c                rgb_matrix_step_reverse
 .text.rgb_matrix_sethsv_noeeprom
                0x000054a0       0x18 .build/obj_keychron_k6_rgb_ansi_via/quantum/rgb_matrix/rgb_matrix.o
                0x000054a0                rgb_matrix_sethsv_noeeprom
 .text.rgb_matrix_get_hue
                0x000054b8        0xc .build/obj_keychron_k6_rgb_ansi_via/quantum/rgb_matrix/rgb_matrix.o
                0x000054b8                rgb_matrix_get_hue
 .text.rgb_matrix_get_sat
                0x000054c4        0xc .build/obj_keychron_k6_rgb_ansi_via/quantum/rgb_matrix/rgb_matrix.o
                0x000054c4                rgb_matrix_get_sat
 .text.rgb_matrix_get_val
                0x000054d0        0xc .build/obj_keychron_k6_rgb_ansi_via/quantum/rgb_matrix/rgb_matrix.o
                0x000054d0                rgb_matrix_get_val
 .text.rgb_matrix_increase_hue
                0x000054dc       0x24 .build/obj_keychron_k6_rgb_ansi_via/quantum/rgb_matrix/rgb_matrix.o
                0x000054dc                rgb_matrix_increase_hue
 .text.rgb_matrix_decrease_hue
                0x00005500       0x24 .build/obj_keychron_k6_rgb_ansi_via/quantum/rgb_matrix/rgb_matrix.o
                0x00005500                rgb_matrix_decrease_hue
 .text.rgb_matrix_increase_sat
                0x00005524       0x2c .build/obj_keychron_k6_rgb_ansi_via/quantum/rgb_matrix/rgb_matrix.o
                0x00005524                rgb_matrix_increase_sat
 .text.rgb_matrix_decrease_sat
                0x00005550       0x28 .build/obj_keychron_k6_rgb_ansi_via/quantum/rgb_matrix/rgb_matrix.o
                0x00005550                rgb_matrix_decrease_sat
 .text.rgb_matrix_increase_val
                0x00005578       0x2c .build/obj_keychron_k6_rgb_ansi_via/quantum/rgb_matrix/rgb_matrix.o
                0x00005578                rgb_matrix_increase_val
 .text.rgb_matrix_decrease_val
                0x000055a4       0x28 .build/obj_keychron_k6_rgb_ansi_via/quantum/rgb_matrix/rgb_matrix.o
                0x000055a4                rgb_matrix_decrease_val
 .text.rgb_matrix_set_speed_noeeprom
                0x000055cc        0xc .build/obj_keychron_k6_rgb_ansi_via/quantum/rgb_matrix/rgb_matrix.o
                0x000055cc                rgb_matrix_set_speed_noeeprom
 .text.rgb_matrix_get_speed
                0x000055d8        0xc .build/obj_keychron_k6_rgb_ansi_via/quantum/rgb_matrix/rgb_matrix.o
                0x000055d8                rgb_matrix_get_speed
 .text.rgb_matrix_increase_speed
                0x000055e4       0x24 .build/obj_keychron_k6_rgb_ansi_via/quantum/rgb_matrix/rgb_matrix.o
                0x000055e4                rgb_matrix_increase_speed
 .text.rgb_matrix_decrease_speed
                0x00005608       0x24 .build/obj_keychron_k6_rgb_ansi_via/quantum/rgb_matrix/rgb_matrix.o
                0x00005608                rgb_matrix_decrease_speed
 .text.flush    0x0000562c        0x4 .build/obj_keychron_k6_rgb_ansi_via/quantum/rgb_matrix/rgb_matrix_drivers.o
 .text.rgb_ch_ctrl
                0x00005630      0x264 .build/obj_keychron_k6_rgb_ansi_via/rgb_matrix_sn32f24xb.o
                0x00005630                rgb_ch_ctrl
 .text.update_pwm_channels
                0x00005894      0x128 .build/obj_keychron_k6_rgb_ansi_via/rgb_matrix_sn32f24xb.o
                0x00005894                update_pwm_channels
 .text.rgb_callback
                0x000059bc       0xf4 .build/obj_keychron_k6_rgb_ansi_via/rgb_matrix_sn32f24xb.o
                0x000059bc                rgb_callback
 .text.SN32F24xB_init
                0x00005ab0       0x68 .build/obj_keychron_k6_rgb_ansi_via/rgb_matrix_sn32f24xb.o
                0x00005ab0                SN32F24xB_init
 .text.SN32F24xB_set_color
                0x00005b18       0x18 .build/obj_keychron_k6_rgb_ansi_via/rgb_matrix_sn32f24xb.o
                0x00005b18                SN32F24xB_set_color
 .text.SN32F24xB_set_color_all
                0x00005b30       0x1c .build/obj_keychron_k6_rgb_ansi_via/rgb_matrix_sn32f24xb.o
                0x00005b30                SN32F24xB_set_color_all
 .text.handleKeycodeRGB
                0x00005b4c       0x10 .build/obj_keychron_k6_rgb_ansi_via/quantum/process_keycode/process_rgb.o
 .text.process_rgb
                0x00005b5c      0x124 .build/obj_keychron_k6_rgb_ansi_via/quantum/process_keycode/process_rgb.o
                0x00005b5c                process_rgb
 .text.via_eeprom_is_valid
                0x00005c80       0x2c .build/obj_keychron_k6_rgb_ansi_via/quantum/via.o
                0x00005c80                via_eeprom_is_valid
 .text.via_eeprom_set_valid
                0x00005cac       0x34 .build/obj_keychron_k6_rgb_ansi_via/quantum/via.o
                0x00005cac                via_eeprom_set_valid
 .text.via_init_kb
                0x00005ce0        0x4 .build/obj_keychron_k6_rgb_ansi_via/quantum/via.o
                0x00005ce0                via_init_kb
 .text.eeconfig_init_via
                0x00005ce4       0x44 .build/obj_keychron_k6_rgb_ansi_via/quantum/via.o
                0x00005ce4                eeconfig_init_via
 .text.via_init
                0x00005d28       0x2c .build/obj_keychron_k6_rgb_ansi_via/quantum/via.o
                0x00005d28                via_init
 .text.process_record_via
                0x00005d54       0x78 .build/obj_keychron_k6_rgb_ansi_via/quantum/via.o
                0x00005d54                process_record_via
 .text.raw_hid_receive_kb
                0x00005dcc        0x8 .build/obj_keychron_k6_rgb_ansi_via/quantum/via.o
                0x00005dcc                raw_hid_receive_kb
 .text.via_qmk_rgblight_get_value
                0x00005dd4       0x40 .build/obj_keychron_k6_rgb_ansi_via/quantum/via.o
                0x00005dd4                via_qmk_rgblight_get_value
 .text.via_qmk_rgblight_set_value
                0x00005e14       0x64 .build/obj_keychron_k6_rgb_ansi_via/quantum/via.o
                0x00005e14                via_qmk_rgblight_set_value
 .text.raw_hid_receive
                0x00005e78      0x170 .build/obj_keychron_k6_rgb_ansi_via/quantum/via.o
                0x00005e78                raw_hid_receive
 .text.process_magic
                0x00005fe8      0x258 .build/obj_keychron_k6_rgb_ansi_via/quantum/process_keycode/process_magic.o
                0x00005fe8                process_magic
 .text.dip_switch_update_kb
                0x00006240        0x8 .build/obj_keychron_k6_rgb_ansi_via/quantum/dip_switch.o
                0x00006240                dip_switch_update_kb
 .text.dip_switch_update_mask_user
                0x00006248        0x4 .build/obj_keychron_k6_rgb_ansi_via/quantum/dip_switch.o
                0x00006248                dip_switch_update_mask_user
 .text.dip_switch_update_mask_kb
                0x0000624c        0x8 .build/obj_keychron_k6_rgb_ansi_via/quantum/dip_switch.o
                0x0000624c                dip_switch_update_mask_kb
 .text.dip_switch_read
                0x00006254       0x40 .build/obj_keychron_k6_rgb_ansi_via/quantum/dip_switch.o
                0x00006254                dip_switch_read
 .text.dip_switch_init
                0x00006294       0x18 .build/obj_keychron_k6_rgb_ansi_via/quantum/dip_switch.o
                0x00006294                dip_switch_init
 .text.dynamic_keymap_get_layer_count
                0x000062ac        0x4 .build/obj_keychron_k6_rgb_ansi_via/quantum/dynamic_keymap.o
                0x000062ac                dynamic_keymap_get_layer_count
 .text.dynamic_keymap_get_keycode
                0x000062b0       0x2c .build/obj_keychron_k6_rgb_ansi_via/quantum/dynamic_keymap.o
                0x000062b0                dynamic_keymap_get_keycode
 .text.dynamic_keymap_set_keycode
                0x000062dc       0x28 .build/obj_keychron_k6_rgb_ansi_via/quantum/dynamic_keymap.o
                0x000062dc                dynamic_keymap_set_keycode
 .text.dynamic_keymap_reset
                0x00006304       0x78 .build/obj_keychron_k6_rgb_ansi_via/quantum/dynamic_keymap.o
                0x00006304                dynamic_keymap_reset
 .text.dynamic_keymap_get_buffer
                0x0000637c       0x50 .build/obj_keychron_k6_rgb_ansi_via/quantum/dynamic_keymap.o
                0x0000637c                dynamic_keymap_get_buffer
 .text.dynamic_keymap_set_buffer
                0x000063cc       0x4c .build/obj_keychron_k6_rgb_ansi_via/quantum/dynamic_keymap.o
                0x000063cc                dynamic_keymap_set_buffer
 .text.keymap_key_to_keycode
                0x00006418       0x4c .build/obj_keychron_k6_rgb_ansi_via/quantum/dynamic_keymap.o
                0x00006418                keymap_key_to_keycode
 .text.dynamic_keymap_macro_get_count
                0x00006464        0x4 .build/obj_keychron_k6_rgb_ansi_via/quantum/dynamic_keymap.o
                0x00006464                dynamic_keymap_macro_get_count
 .text.dynamic_keymap_macro_get_buffer_size
                0x00006468        0x4 .build/obj_keychron_k6_rgb_ansi_via/quantum/dynamic_keymap.o
                0x00006468                dynamic_keymap_macro_get_buffer_size
 .text.dynamic_keymap_macro_get_buffer
                0x0000646c       0x48 .build/obj_keychron_k6_rgb_ansi_via/quantum/dynamic_keymap.o
                0x0000646c                dynamic_keymap_macro_get_buffer
 .text.dynamic_keymap_macro_set_buffer
                0x000064b4       0x44 .build/obj_keychron_k6_rgb_ansi_via/quantum/dynamic_keymap.o
                0x000064b4                dynamic_keymap_macro_set_buffer
 .text.dynamic_keymap_macro_reset
                0x000064f8       0x1c .build/obj_keychron_k6_rgb_ansi_via/quantum/dynamic_keymap.o
                0x000064f8                dynamic_keymap_macro_reset
 .text.dynamic_keymap_macro_send
                0x00006514       0x94 .build/obj_keychron_k6_rgb_ansi_via/quantum/dynamic_keymap.o
                0x00006514                dynamic_keymap_macro_send
 .text.process_grave_esc
                0x000065a8       0x6c .build/obj_keychron_k6_rgb_ansi_via/quantum/process_keycode/process_grave_esc.o
                0x000065a8                process_grave_esc
 .text.perform_space_cadet
                0x00006614       0xd0 .build/obj_keychron_k6_rgb_ansi_via/quantum/process_keycode/process_space_cadet.o
                0x00006614                perform_space_cadet
 .text.process_space_cadet
                0x000066e4       0xe0 .build/obj_keychron_k6_rgb_ansi_via/quantum/process_keycode/process_space_cadet.o
                0x000066e4                process_space_cadet
 .text.host_set_driver
                0x000067c4        0xc .build/obj_keychron_k6_rgb_ansi_via/protocol/host.o
                0x000067c4                host_set_driver
 .text.host_keyboard_leds
                0x000067d0       0x18 .build/obj_keychron_k6_rgb_ansi_via/protocol/host.o
                0x000067d0                host_keyboard_leds
 .text.host_keyboard_send
                0x000067e8       0x38 .build/obj_keychron_k6_rgb_ansi_via/protocol/host.o
                0x000067e8                host_keyboard_send
 .text.host_system_send
                0x00006820       0x24 .build/obj_keychron_k6_rgb_ansi_via/protocol/host.o
                0x00006820                host_system_send
 .text.host_consumer_send
                0x00006844       0x24 .build/obj_keychron_k6_rgb_ansi_via/protocol/host.o
                0x00006844                host_consumer_send
 .text.has_anykey
                0x00006868       0x40 .build/obj_keychron_k6_rgb_ansi_via/protocol/report.o
                0x00006868                has_anykey
 .text.is_key_pressed
                0x000068a8       0x58 .build/obj_keychron_k6_rgb_ansi_via/protocol/report.o
                0x000068a8                is_key_pressed
 .text.add_key_to_report
                0x00006900       0x64 .build/obj_keychron_k6_rgb_ansi_via/protocol/report.o
                0x00006900                add_key_to_report
 .text.del_key_from_report
                0x00006964       0x48 .build/obj_keychron_k6_rgb_ansi_via/protocol/report.o
                0x00006964                del_key_from_report
 .text.clear_keys_from_report
                0x000069ac       0x34 .build/obj_keychron_k6_rgb_ansi_via/protocol/report.o
                0x000069ac                clear_keys_from_report
 .text.notify_usb_device_state_change_user
                0x000069e0        0x4 .build/obj_keychron_k6_rgb_ansi_via/protocol/usb_device_state.o
                0x000069e0                notify_usb_device_state_change_user
 .text.notify_usb_device_state_change_kb
                0x000069e4        0x8 .build/obj_keychron_k6_rgb_ansi_via/protocol/usb_device_state.o
                0x000069e4                notify_usb_device_state_change_kb
 .text.usb_device_state_set_configuration
                0x000069ec       0x14 .build/obj_keychron_k6_rgb_ansi_via/protocol/usb_device_state.o
                0x000069ec                usb_device_state_set_configuration
 .text.usb_device_state_set_suspend
                0x00006a00       0x14 .build/obj_keychron_k6_rgb_ansi_via/protocol/usb_device_state.o
                0x00006a00                usb_device_state_set_suspend
 .text.usb_device_state_set_resume
                0x00006a14       0x14 .build/obj_keychron_k6_rgb_ansi_via/protocol/usb_device_state.o
                0x00006a14                usb_device_state_set_resume
 .text.usb_device_state_set_reset
                0x00006a28       0x14 .build/obj_keychron_k6_rgb_ansi_via/protocol/usb_device_state.o
                0x00006a28                usb_device_state_set_reset
 .text.usb_device_state_init
                0x00006a3c       0x14 .build/obj_keychron_k6_rgb_ansi_via/protocol/usb_device_state.o
                0x00006a3c                usb_device_state_init
 .text.platform_setup
                0x00006a50        0xc .build/obj_keychron_k6_rgb_ansi_via/platforms/chibios/platform.o
                0x00006a50                platform_setup
 .text.suspend_power_down
                0x00006a5c       0x10 .build/obj_keychron_k6_rgb_ansi_via/platforms/chibios/suspend.o
                0x00006a5c                suspend_power_down
 .text.matrix_power_up
                0x00006a6c        0x4 .build/obj_keychron_k6_rgb_ansi_via/platforms/chibios/suspend.o
                0x00006a6c                matrix_power_up
 .text.matrix_power_down
                0x00006a70        0x4 .build/obj_keychron_k6_rgb_ansi_via/platforms/chibios/suspend.o
                0x00006a70                matrix_power_down
 .text.suspend_wakeup_condition
                0x00006a74       0x28 .build/obj_keychron_k6_rgb_ansi_via/platforms/chibios/suspend.o
                0x00006a74                suspend_wakeup_condition
 .text.suspend_wakeup_init
                0x00006a9c       0x28 .build/obj_keychron_k6_rgb_ansi_via/platforms/chibios/suspend.o
                0x00006a9c                suspend_wakeup_init
 .text.timer_init
                0x00006ac4       0x28 .build/obj_keychron_k6_rgb_ansi_via/platforms/chibios/timer.o
                0x00006ac4                timer_init
 .text.timer_read
                0x00006aec       0x64 .build/obj_keychron_k6_rgb_ansi_via/platforms/chibios/timer.o
                0x00006aec                timer_read
 .text.timer_read32
                0x00006b50       0x64 .build/obj_keychron_k6_rgb_ansi_via/platforms/chibios/timer.o
                0x00006b50                timer_read32
 .text.timer_elapsed
                0x00006bb4       0x68 .build/obj_keychron_k6_rgb_ansi_via/platforms/chibios/timer.o
                0x00006bb4                timer_elapsed
 .text.timer_elapsed32
                0x00006c1c       0x68 .build/obj_keychron_k6_rgb_ansi_via/platforms/chibios/timer.o
                0x00006c1c                timer_elapsed32
 .text.bootloader_jump
                0x00006c84       0x44 .build/obj_keychron_k6_rgb_ansi_via/platforms/chibios/bootloader.o
                0x00006c84                bootloader_jump
 .text.enter_bootloader_mode_if_requested
                0x00006cc8       0x24 .build/obj_keychron_k6_rgb_ansi_via/platforms/chibios/bootloader.o
                0x00006cc8                enter_bootloader_mode_if_requested
 .text.shared_in_cb
                0x00006cec        0x4 .build/obj_keychron_k6_rgb_ansi_via/protocol/chibios/usb_main.o
                0x00006cec                shared_in_cb
 .text.usb_sof_cb
                0x00006cf0       0x14 .build/obj_keychron_k6_rgb_ansi_via/protocol/chibios/usb_main.o
 .text.usb_get_descriptor_cb
                0x00006d04       0x28 .build/obj_keychron_k6_rgb_ansi_via/protocol/chibios/usb_main.o
 .text.set_led_transfer_cb
                0x00006d2c       0x2c .build/obj_keychron_k6_rgb_ansi_via/protocol/chibios/usb_main.o
 .text.keyboard_idle_timer_cb
                0x00006d58       0x98 .build/obj_keychron_k6_rgb_ansi_via/protocol/chibios/usb_main.o
 .text.usb_request_hook_cb
                0x00006df0      0x17c .build/obj_keychron_k6_rgb_ansi_via/protocol/chibios/usb_main.o
 .text.usb_event_cb
                0x00006f6c      0x104 .build/obj_keychron_k6_rgb_ansi_via/protocol/chibios/usb_main.o
 .text.usb_event_queue_init
                0x00007070       0x24 .build/obj_keychron_k6_rgb_ansi_via/protocol/chibios/usb_main.o
                0x00007070                usb_event_queue_init
 .text.usb_event_queue_task
                0x00007094       0xbc .build/obj_keychron_k6_rgb_ansi_via/protocol/chibios/usb_main.o
                0x00007094                usb_event_queue_task
 .text.init_usb_driver
                0x00007150       0x70 .build/obj_keychron_k6_rgb_ansi_via/protocol/chibios/usb_main.o
                0x00007150                init_usb_driver
 .text.restart_usb_driver
                0x000071c0       0x34 .build/obj_keychron_k6_rgb_ansi_via/protocol/chibios/usb_main.o
                0x000071c0                restart_usb_driver
 .text.keyboard_leds
                0x000071f4        0xc .build/obj_keychron_k6_rgb_ansi_via/protocol/chibios/usb_main.o
                0x000071f4                keyboard_leds
 .text.send_keyboard
                0x00007200       0xa0 .build/obj_keychron_k6_rgb_ansi_via/protocol/chibios/usb_main.o
                0x00007200                send_keyboard
 .text.send_mouse
                0x000072a0        0x4 .build/obj_keychron_k6_rgb_ansi_via/protocol/chibios/usb_main.o
                0x000072a0                send_mouse
 .text.send_system
                0x000072a4       0x48 .build/obj_keychron_k6_rgb_ansi_via/protocol/chibios/usb_main.o
                0x000072a4                send_system
 .text.send_consumer
                0x000072ec       0x4c .build/obj_keychron_k6_rgb_ansi_via/protocol/chibios/usb_main.o
                0x000072ec                send_consumer
 .text.raw_hid_send
                0x00007338       0x1c .build/obj_keychron_k6_rgb_ansi_via/protocol/chibios/usb_main.o
                0x00007338                raw_hid_send
 .text.raw_hid_task
                0x00007354       0x28 .build/obj_keychron_k6_rgb_ansi_via/protocol/chibios/usb_main.o
                0x00007354                raw_hid_task
 .text.early_hardware_init_pre
                0x0000737c        0x4 .build/obj_keychron_k6_rgb_ansi_via/protocol/chibios/chibios.o
                0x0000737c                early_hardware_init_pre
 .text.early_hardware_init_post
                0x00007380        0x4 .build/obj_keychron_k6_rgb_ansi_via/protocol/chibios/chibios.o
                0x00007380                early_hardware_init_post
 .text.board_init
                0x00007384        0x4 .build/obj_keychron_k6_rgb_ansi_via/protocol/chibios/chibios.o
                0x00007384                board_init
 .text.__early_init
                0x00007388       0x10 .build/obj_keychron_k6_rgb_ansi_via/protocol/chibios/chibios.o
                0x00007388                __early_init
 .text.boardInit
                0x00007398        0xc .build/obj_keychron_k6_rgb_ansi_via/protocol/chibios/chibios.o
                0x00007398                boardInit
 .text.protocol_setup
                0x000073a4        0x8 .build/obj_keychron_k6_rgb_ansi_via/protocol/chibios/chibios.o
                0x000073a4                protocol_setup
 .text.protocol_pre_init
                0x000073ac       0x28 .build/obj_keychron_k6_rgb_ansi_via/protocol/chibios/chibios.o
                0x000073ac                protocol_pre_init
 .text.protocol_post_init
                0x000073d4       0x10 .build/obj_keychron_k6_rgb_ansi_via/protocol/chibios/chibios.o
                0x000073d4                protocol_post_init
 .text.protocol_pre_task
                0x000073e4       0x3c .build/obj_keychron_k6_rgb_ansi_via/protocol/chibios/chibios.o
                0x000073e4                protocol_pre_task
 .text.protocol_post_task
                0x00007420        0x8 .build/obj_keychron_k6_rgb_ansi_via/protocol/chibios/chibios.o
                0x00007420                protocol_post_task
 .text.get_usb_descriptor
                0x00007428       0x84 .build/obj_keychron_k6_rgb_ansi_via/usb_descriptor.o
                0x00007428                get_usb_descriptor
 .text.obnotify
                0x000074ac       0x44 .build/obj_keychron_k6_rgb_ansi_via/protocol/chibios/usb_driver.o
 .text._readt   0x000074f0        0xc .build/obj_keychron_k6_rgb_ansi_via/protocol/chibios/usb_driver.o
 .text._read    0x000074fc       0x10 .build/obj_keychron_k6_rgb_ansi_via/protocol/chibios/usb_driver.o
 .text._writet  0x0000750c        0xc .build/obj_keychron_k6_rgb_ansi_via/protocol/chibios/usb_driver.o
 .text._write   0x00007518       0x10 .build/obj_keychron_k6_rgb_ansi_via/protocol/chibios/usb_driver.o
 .text._gett    0x00007528        0xc .build/obj_keychron_k6_rgb_ansi_via/protocol/chibios/usb_driver.o
 .text._get     0x00007534       0x10 .build/obj_keychron_k6_rgb_ansi_via/protocol/chibios/usb_driver.o
 .text._putt    0x00007544        0xc .build/obj_keychron_k6_rgb_ansi_via/protocol/chibios/usb_driver.o
 .text._put     0x00007550       0x10 .build/obj_keychron_k6_rgb_ansi_via/protocol/chibios/usb_driver.o
 .text.qmkusb_start_receive.isra.0
                0x00007560       0x3c .build/obj_keychron_k6_rgb_ansi_via/protocol/chibios/usb_driver.o
 .text.ibnotify
                0x0000759c       0x40 .build/obj_keychron_k6_rgb_ansi_via/protocol/chibios/usb_driver.o
 .text.qmkusbObjectInit
                0x000075dc       0x54 .build/obj_keychron_k6_rgb_ansi_via/protocol/chibios/usb_driver.o
                0x000075dc                qmkusbObjectInit
 .text.qmkusbStart
                0x00007630       0x2c .build/obj_keychron_k6_rgb_ansi_via/protocol/chibios/usb_driver.o
                0x00007630                qmkusbStart
 .text.qmkusbSuspendHookI
                0x0000765c       0x30 .build/obj_keychron_k6_rgb_ansi_via/protocol/chibios/usb_driver.o
                0x0000765c                qmkusbSuspendHookI
 .text.qmkusbWakeupHookI
                0x0000768c       0x18 .build/obj_keychron_k6_rgb_ansi_via/protocol/chibios/usb_driver.o
                0x0000768c                qmkusbWakeupHookI
 .text.qmkusbConfigureHookI
                0x000076a4       0x2c .build/obj_keychron_k6_rgb_ansi_via/protocol/chibios/usb_driver.o
                0x000076a4                qmkusbConfigureHookI
 .text.qmkusbRequestsHook
                0x000076d0       0x3c .build/obj_keychron_k6_rgb_ansi_via/protocol/chibios/usb_driver.o
                0x000076d0                qmkusbRequestsHook
 .text.qmkusbSOFHookI
                0x0000770c       0x6c .build/obj_keychron_k6_rgb_ansi_via/protocol/chibios/usb_driver.o
                0x0000770c                qmkusbSOFHookI
 .text.qmkusbDataTransmitted
                0x00007778       0x90 .build/obj_keychron_k6_rgb_ansi_via/protocol/chibios/usb_driver.o
                0x00007778                qmkusbDataTransmitted
 .text.qmkusbDataReceived
                0x00007808       0x3c .build/obj_keychron_k6_rgb_ansi_via/protocol/chibios/usb_driver.o
                0x00007808                qmkusbDataReceived
 .text.qmkusbInterruptTransmitted
                0x00007844        0x4 .build/obj_keychron_k6_rgb_ansi_via/protocol/chibios/usb_driver.o
                0x00007844                qmkusbInterruptTransmitted
 .text._core_init
                0x00007848       0x18 .build/obj_keychron_k6_rgb_ansi_via/./lib/chibios/os/oslib/src/chmemcore.o
                0x00007848                _core_init
 .text.chCoreAllocFromBase
                0x00007860       0x30 .build/obj_keychron_k6_rgb_ansi_via/./lib/chibios/os/oslib/src/chmemcore.o
                0x00007860                chCoreAllocFromBase
 .text.__core_init
                0x00007890        0x4 .build/obj_keychron_k6_rgb_ansi/lib/chibios/os/common/startup/ARMCMx/compilers/GCC/crt1.o
                0x00007890                __core_init
 .text.__late_init
                0x00007894        0x4 .build/obj_keychron_k6_rgb_ansi/lib/chibios/os/common/startup/ARMCMx/compilers/GCC/crt1.o
                0x00007894                __late_init
 .text.__default_exit
                0x00007898        0x4 .build/obj_keychron_k6_rgb_ansi/lib/chibios/os/common/startup/ARMCMx/compilers/GCC/crt1.o
                0x00007898                __default_exit
 .text.__init_ram_areas
                0x0000789c       0x4c .build/obj_keychron_k6_rgb_ansi/lib/chibios/os/common/startup/ARMCMx/compilers/GCC/crt1.o
                0x0000789c                __init_ram_areas
 .text.SystemCoreClockUpdate
                0x000078e8       0x48 .build/obj_keychron_k6_rgb_ansi/lib/chibios-contrib/os/common/ext/SONiX/SN32F2xx/system_SN32F240B.o
                0x000078e8                SystemCoreClockUpdate
 .text.FlashClockUpdate
                0x00007930       0x78 .build/obj_keychron_k6_rgb_ansi/lib/chibios-contrib/os/common/ext/SONiX/SN32F2xx/system_SN32F240B.o
                0x00007930                FlashClockUpdate
 .text.SystemInit
                0x000079a8       0x38 .build/obj_keychron_k6_rgb_ansi/lib/chibios-contrib/os/common/ext/SONiX/SN32F2xx/system_SN32F240B.o
                0x000079a8                SystemInit
 .text._idle_thread
                0x000079e0        0x4 .build/obj_keychron_k6_rgb_ansi/lib/chibios/os/rt/src/chsys.o
 .text.chSysInit
                0x000079e4       0x3c .build/obj_keychron_k6_rgb_ansi/lib/chibios/os/rt/src/chsys.o
                0x000079e4                chSysInit
 .text.chSysHalt
                0x00007a20        0xc .build/obj_keychron_k6_rgb_ansi/lib/chibios/os/rt/src/chsys.o
                0x00007a20                chSysHalt
 .text.chSysTimerHandlerI
                0x00007a2c        0x8 .build/obj_keychron_k6_rgb_ansi/lib/chibios/os/rt/src/chsys.o
                0x00007a2c                chSysTimerHandlerI
 .text._vt_init
                0x00007a34       0x1c .build/obj_keychron_k6_rgb_ansi/lib/chibios/os/rt/src/chvt.o
                0x00007a34                _vt_init
 .text.chVTDoSetI
                0x00007a50      0x100 .build/obj_keychron_k6_rgb_ansi/lib/chibios/os/rt/src/chvt.o
                0x00007a50                chVTDoSetI
 .text.chVTDoResetI
                0x00007b50       0x98 .build/obj_keychron_k6_rgb_ansi/lib/chibios/os/rt/src/chvt.o
                0x00007b50                chVTDoResetI
 .text.chVTDoTickI
                0x00007be8       0x98 .build/obj_keychron_k6_rgb_ansi/lib/chibios/os/rt/src/chvt.o
                0x00007be8                chVTDoTickI
 .text.wakeup   0x00007c80       0x58 .build/obj_keychron_k6_rgb_ansi/lib/chibios/os/rt/src/chschd.o
 .text._scheduler_init
                0x00007cd8       0x10 .build/obj_keychron_k6_rgb_ansi/lib/chibios/os/rt/src/chschd.o
                0x00007cd8                _scheduler_init
 .text.chSchReadyI
                0x00007ce8       0x20 .build/obj_keychron_k6_rgb_ansi/lib/chibios/os/rt/src/chschd.o
                0x00007ce8                chSchReadyI
 .text.chSchGoSleepS
                0x00007d08       0x30 .build/obj_keychron_k6_rgb_ansi/lib/chibios/os/rt/src/chschd.o
                0x00007d08                chSchGoSleepS
 .text.chSchGoSleepTimeoutS
                0x00007d38       0x88 .build/obj_keychron_k6_rgb_ansi/lib/chibios/os/rt/src/chschd.o
                0x00007d38                chSchGoSleepTimeoutS
 .text.chSchWakeupS
                0x00007dc0       0x64 .build/obj_keychron_k6_rgb_ansi/lib/chibios/os/rt/src/chschd.o
                0x00007dc0                chSchWakeupS
 .text.chSchIsPreemptionRequired
                0x00007e24       0x18 .build/obj_keychron_k6_rgb_ansi/lib/chibios/os/rt/src/chschd.o
                0x00007e24                chSchIsPreemptionRequired
 .text.chSchDoRescheduleAhead
                0x00007e3c       0x4c .build/obj_keychron_k6_rgb_ansi/lib/chibios/os/rt/src/chschd.o
                0x00007e3c                chSchDoRescheduleAhead
 .text.chSchRescheduleS
                0x00007e88       0x1c .build/obj_keychron_k6_rgb_ansi/lib/chibios/os/rt/src/chschd.o
                0x00007e88                chSchRescheduleS
 .text.chSchDoReschedule
                0x00007ea4        0x8 .build/obj_keychron_k6_rgb_ansi/lib/chibios/os/rt/src/chschd.o
                0x00007ea4                chSchDoReschedule
 .text._thread_init
                0x00007eac       0x18 .build/obj_keychron_k6_rgb_ansi/lib/chibios/os/rt/src/chthreads.o
                0x00007eac                _thread_init
 .text.chThdCreate
                0x00007ec4       0x48 .build/obj_keychron_k6_rgb_ansi/lib/chibios/os/rt/src/chthreads.o
                0x00007ec4                chThdCreate
 .text.chThdExit
                0x00007f0c       0x30 .build/obj_keychron_k6_rgb_ansi/lib/chibios/os/rt/src/chthreads.o
                0x00007f0c                chThdExit
 .text.chThdSleep
                0x00007f3c       0x10 .build/obj_keychron_k6_rgb_ansi/lib/chibios/os/rt/src/chthreads.o
                0x00007f3c                chThdSleep
 .text.chThdSuspendTimeoutS
                0x00007f4c       0x20 .build/obj_keychron_k6_rgb_ansi/lib/chibios/os/rt/src/chthreads.o
                0x00007f4c                chThdSuspendTimeoutS
 .text.chThdResumeI
                0x00007f6c       0x18 .build/obj_keychron_k6_rgb_ansi/lib/chibios/os/rt/src/chthreads.o
                0x00007f6c                chThdResumeI
 .text.chThdEnqueueTimeoutS
                0x00007f84       0x28 .build/obj_keychron_k6_rgb_ansi/lib/chibios/os/rt/src/chthreads.o
                0x00007f84                chThdEnqueueTimeoutS
 .text.chThdDequeueNextI
                0x00007fac       0x18 .build/obj_keychron_k6_rgb_ansi/lib/chibios/os/rt/src/chthreads.o
                0x00007fac                chThdDequeueNextI
 .text.chThdDequeueAllI
                0x00007fc4       0x20 .build/obj_keychron_k6_rgb_ansi/lib/chibios/os/rt/src/chthreads.o
                0x00007fc4                chThdDequeueAllI
 .text.chEvtBroadcastFlagsI
                0x00007fe4       0x58 .build/obj_keychron_k6_rgb_ansi/lib/chibios/os/rt/src/chevents.o
                0x00007fe4                chEvtBroadcastFlagsI
 .text.NMI_Handler
                0x0000803c       0x10 .build/obj_keychron_k6_rgb_ansi/lib/chibios/os/common/ports/ARMCMx/chcore_v6m.o
                0x0000803c                NMI_Handler
 .text.port_init
                0x0000804c       0x14 .build/obj_keychron_k6_rgb_ansi/lib/chibios/os/common/ports/ARMCMx/chcore_v6m.o
                0x0000804c                port_init
 .text._port_irq_epilogue
                0x00008060       0x38 .build/obj_keychron_k6_rgb_ansi/lib/chibios/os/common/ports/ARMCMx/chcore_v6m.o
                0x00008060                _port_irq_epilogue
 .text.halInit  0x00008098       0x24 .build/obj_keychron_k6_rgb_ansi/lib/chibios/os/hal/src/hal.o
                0x00008098                halInit
 .text.stInit   0x000080bc        0x8 .build/obj_keychron_k6_rgb_ansi/lib/chibios/os/hal/src/hal_st.o
                0x000080bc                stInit
 .text.stStartAlarm
                0x000080c4       0x34 .build/obj_keychron_k6_rgb_ansi/lib/chibios/os/hal/src/hal_st.o
                0x000080c4                stStartAlarm
 .text.stStopAlarm
                0x000080f8       0x18 .build/obj_keychron_k6_rgb_ansi/lib/chibios/os/hal/src/hal_st.o
                0x000080f8                stStopAlarm
 .text.stSetAlarm
                0x00008110       0x44 .build/obj_keychron_k6_rgb_ansi/lib/chibios/os/hal/src/hal_st.o
                0x00008110                stSetAlarm
 .text.stGetCounter
                0x00008154        0xc .build/obj_keychron_k6_rgb_ansi/lib/chibios/os/hal/src/hal_st.o
                0x00008154                stGetCounter
 .text.ibqObjectInit
                0x00008160       0x30 .build/obj_keychron_k6_rgb_ansi/lib/chibios/os/hal/src/hal_buffers.o
                0x00008160                ibqObjectInit
 .text.ibqResetI
                0x00008190       0x1c .build/obj_keychron_k6_rgb_ansi/lib/chibios/os/hal/src/hal_buffers.o
                0x00008190                ibqResetI
 .text.ibqGetEmptyBufferI
                0x000081ac       0x18 .build/obj_keychron_k6_rgb_ansi/lib/chibios/os/hal/src/hal_buffers.o
                0x000081ac                ibqGetEmptyBufferI
 .text.ibqPostFullBufferI
                0x000081c4       0x24 .build/obj_keychron_k6_rgb_ansi/lib/chibios/os/hal/src/hal_buffers.o
                0x000081c4                ibqPostFullBufferI
 .text.ibqGetTimeout
                0x000081e8       0x78 .build/obj_keychron_k6_rgb_ansi/lib/chibios/os/hal/src/hal_buffers.o
                0x000081e8                ibqGetTimeout
 .text.ibqReadTimeout
                0x00008260       0xc8 .build/obj_keychron_k6_rgb_ansi/lib/chibios/os/hal/src/hal_buffers.o
                0x00008260                ibqReadTimeout
 .text.obqObjectInit
                0x00008328       0x30 .build/obj_keychron_k6_rgb_ansi/lib/chibios/os/hal/src/hal_buffers.o
                0x00008328                obqObjectInit
 .text.obqResetI
                0x00008358       0x1c .build/obj_keychron_k6_rgb_ansi/lib/chibios/os/hal/src/hal_buffers.o
                0x00008358                obqResetI
 .text.obqGetFullBufferI
                0x00008374       0x1c .build/obj_keychron_k6_rgb_ansi/lib/chibios/os/hal/src/hal_buffers.o
                0x00008374                obqGetFullBufferI
 .text.obqReleaseEmptyBufferI
                0x00008390       0x24 .build/obj_keychron_k6_rgb_ansi/lib/chibios/os/hal/src/hal_buffers.o
                0x00008390                obqReleaseEmptyBufferI
 .text.obqPutTimeout